Archive member included to satisfy reference by file (symbol)

app/libapp.a(main.c.obj)      (--whole-archive)
zephyr/libzephyr.a(soc_nrf_common.S.obj)
                              (--whole-archive)
zephyr/libzephyr.a(assert.c.obj)
                              (--whole-archive)
zephyr/libzephyr.a(bitarray.c.obj)
                              (--whole-archive)
zephyr/libzephyr.a(cbprintf.c.obj)
                              (--whole-archive)
zephyr/libzephyr.a(cbprintf_complete.c.obj)
                              (--whole-archive)
zephyr/libzephyr.a(cbprintf_packaged.c.obj)
                              (--whole-archive)
zephyr/libzephyr.a(configs.c.obj)
                              (--whole-archive)
zephyr/libzephyr.a(constraint.c.obj)
                              (--whole-archive)
zephyr/libzephyr.a(crc16_sw.c.obj)
                              (--whole-archive)
zephyr/libzephyr.a(crc32_sw.c.obj)
                              (--whole-archive)
zephyr/libzephyr.a(crc32c_sw.c.obj)
                              (--whole-archive)
zephyr/libzephyr.a(crc7_sw.c.obj)
                              (--whole-archive)
zephyr/libzephyr.a(crc8_sw.c.obj)
                              (--whole-archive)
zephyr/libzephyr.a(dec.c.obj)
                              (--whole-archive)
zephyr/libzephyr.a(fdtable.c.obj)
                              (--whole-archive)
zephyr/libzephyr.a(heap-validate.c.obj)
                              (--whole-archive)
zephyr/libzephyr.a(heap.c.obj)
                              (--whole-archive)
zephyr/libzephyr.a(hex.c.obj)
                              (--whole-archive)
zephyr/libzephyr.a(multi_heap.c.obj)
                              (--whole-archive)
zephyr/libzephyr.a(notify.c.obj)
                              (--whole-archive)
zephyr/libzephyr.a(nrf_cc3xx_platform_abort_zephyr.c.obj)
                              (--whole-archive)
zephyr/libzephyr.a(nrf_cc3xx_platform_mutex_zephyr.c.obj)
                              (--whole-archive)
zephyr/libzephyr.a(onoff.c.obj)
                              (--whole-archive)
zephyr/libzephyr.a(pm.c.obj)  (--whole-archive)
zephyr/libzephyr.a(printk.c.obj)
                              (--whole-archive)
zephyr/libzephyr.a(rb.c.obj)  (--whole-archive)
zephyr/libzephyr.a(reboot.c.obj)
                              (--whole-archive)
zephyr/libzephyr.a(residency.c.obj)
                              (--whole-archive)
zephyr/libzephyr.a(sem.c.obj)
                              (--whole-archive)
zephyr/libzephyr.a(thread_entry.c.obj)
                              (--whole-archive)
zephyr/libzephyr.a(timeutil.c.obj)
                              (--whole-archive)
zephyr/libzephyr.a(tracing_none.c.obj)
                              (--whole-archive)
zephyr/libzephyr.a(validate_base_addresses.c.obj)
                              (--whole-archive)
zephyr/libzephyr.a(validate_enabled_instances.c.obj)
                              (--whole-archive)
zephyr/arch/common/libarch__common.a(sw_isr_common.c.obj)
                              (--whole-archive)
zephyr/arch/arch/arm/core/aarch32/libarch__arm__core__aarch32.a(cpu_idle.S.obj)
                              (--whole-archive)
zephyr/arch/arch/arm/core/aarch32/libarch__arm__core__aarch32.a(isr_wrapper.S.obj)
                              (--whole-archive)
zephyr/arch/arch/arm/core/aarch32/libarch__arm__core__aarch32.a(nmi_on_reset.S.obj)
                              (--whole-archive)
zephyr/arch/arch/arm/core/aarch32/libarch__arm__core__aarch32.a(swap_helper.S.obj)
                              (--whole-archive)
zephyr/arch/arch/arm/core/aarch32/libarch__arm__core__aarch32.a(fatal.c.obj)
                              (--whole-archive)
zephyr/arch/arch/arm/core/aarch32/libarch__arm__core__aarch32.a(irq_manage.c.obj)
                              (--whole-archive)
zephyr/arch/arch/arm/core/aarch32/libarch__arm__core__aarch32.a(nmi.c.obj)
                              (--whole-archive)
zephyr/arch/arch/arm/core/aarch32/libarch__arm__core__aarch32.a(prep_c.c.obj)
                              (--whole-archive)
zephyr/arch/arch/arm/core/aarch32/libarch__arm__core__aarch32.a(swap.c.obj)
                              (--whole-archive)
zephyr/arch/arch/arm/core/aarch32/libarch__arm__core__aarch32.a(thread.c.obj)
                              (--whole-archive)
zephyr/arch/arch/arm/core/aarch32/cortex_m/libarch__arm__core__aarch32__cortex_m.a(exc_exit.S.obj)
                              (--whole-archive)
zephyr/arch/arch/arm/core/aarch32/cortex_m/libarch__arm__core__aarch32__cortex_m.a(fault_s.S.obj)
                              (--whole-archive)
zephyr/arch/arch/arm/core/aarch32/cortex_m/libarch__arm__core__aarch32__cortex_m.a(reset.S.obj)
                              (--whole-archive)
zephyr/arch/arch/arm/core/aarch32/cortex_m/libarch__arm__core__aarch32__cortex_m.a(vector_table.S.obj)
                              (--whole-archive)
[...]
Memory Configuration

Name             Origin             Length             Attributes
FLASH            0x00000000         0x00100000         xr
SRAM             0x20000000         0x00040000         xw
IDT_LIST         0xfffff7ff         0x00000800         xw
*default*        0x00000000         0xffffffff

Linker script and memory map

LOAD zephyr/CMakeFiles/zephyr_pre0.dir/misc/empty_file.c.obj
                0x00000020                _region_min_align = 0x20

.rel.plt        0x00000000        0x0
 *(SORT_BY_ALIGNMENT(.rel.plt))
                [!provide]                PROVIDE (__rel_iplt_start = .)
 *(SORT_BY_ALIGNMENT(.rel.iplt))
 .rel.iplt      0x00000000        0x0 app/libapp.a(main.c.obj)
                [!provide]                PROVIDE (__rel_iplt_end = .)

.rela.plt       0x00000000        0x0
 *(SORT_BY_ALIGNMENT(.rela.plt))
                [!provide]                PROVIDE (__rela_iplt_start = .)
 *(SORT_BY_ALIGNMENT(.rela.iplt))
                [!provide]                PROVIDE (__rela_iplt_end = .)

.rel.dyn
 *(SORT_BY_ALIGNMENT(.rel.*))

.rela.dyn
 *(SORT_BY_ALIGNMENT(.rela.*))

/DISCARD/
 *(SORT_BY_ALIGNMENT(.plt))
 *(SORT_BY_ALIGNMENT(.iplt))
 *(SORT_BY_ALIGNMENT(.got.plt))
 *(SORT_BY_ALIGNMENT(.igot.plt))
 *(SORT_BY_ALIGNMENT(.got))
 *(SORT_BY_ALIGNMENT(.igot))
 *(SORT_BY_ALIGNMENT(.note.GNU-stack))
                0x00000000                __rom_region_start = 0x0

rom_start       0x00000000      0x100
                0x00000000                . = 0x0
                0x00000000                . = ALIGN (0x4)
                0x00000000                . = ALIGN (0x80)
                0x00000000                . = ALIGN (0x100)
                0x00000000                _vector_start = .
 *(SORT_BY_ALIGNMENT(.exc_vector_table))
 *(SORT_BY_ALIGNMENT(.exc_vector_table.*))
 .exc_vector_table._vector_table_section
                0x00000000       0x40 zephyr/arch/arch/arm/core/aarch32/cortex_m/libarch__arm__core__aarch32__cortex_m.a(vector_table.S.obj)
                0x00000000                _vector_table
 *(SORT_BY_ALIGNMENT(.gnu.linkonce.irq_vector_table*))
 .gnu.linkonce.irq_vector_table
                0x00000040       0xc0 zephyr/arch/common/libisr_tables.a(isr_tables.c.obj)
                0x00000040                _irq_vector_table
 *(SORT_BY_ALIGNMENT(.vectors))
                0x00000100                _vector_end = .

text            0x00000100     0x83c8
                0x00000100                __text_region_start = .
 *(SORT_BY_ALIGNMENT(.text))
 .text          0x00000100      0x168 c:/users/marco/ncs/v1.9.0/toolchain/opt/bin/../lib/gcc/arm-none-eabi/9.2.1/thumb/v7e-m/nofp\libgcc.a(_arm_mulsf3.o)
                0x00000100                __aeabi_fmul
                0x00000100                __mulsf3
 .text          0x00000268      0x21c c:/users/marco/ncs/v1.9.0/toolchain/opt/bin/../lib/gcc/arm-none-eabi/9.2.1/thumb/v7e-m/nofp\libgcc.a(_arm_addsubsf3.o)
                0x00000268                __aeabi_frsub
                0x00000270                __subsf3
                0x00000270                __aeabi_fsub
                0x00000274                __aeabi_fadd
                0x00000274                __addsf3
                0x000003d4                __aeabi_ui2f
                0x000003d4                __floatunsisf
                0x000003dc                __aeabi_i2f
                0x000003dc                __floatsisf
                0x000003f8                __aeabi_ul2f
                0x000003f8                __floatundisf
                0x00000408                __aeabi_l2f
                0x00000408                __floatdisf
 .text          0x00000484       0x40 c:/users/marco/ncs/v1.9.0/toolchain/opt/bin/../lib/gcc/arm-none-eabi/9.2.1/thumb/v7e-m/nofp\libgcc.a(_arm_fixunssfsi.o)
                0x00000484                __fixunssfsi
                0x00000484                __aeabi_f2uiz
 .text          0x000004c4       0x30 c:/users/marco/ncs/v1.9.0/toolchain/opt/bin/../lib/gcc/arm-none-eabi/9.2.1/thumb/v7e-m/nofp\libgcc.a(_aeabi_uldivmod.o)
                0x000004c4                __aeabi_uldivmod
 .text          0x000004f4      0x2c0 c:/users/marco/ncs/v1.9.0/toolchain/opt/bin/../lib/gcc/arm-none-eabi/9.2.1/thumb/v7e-m/nofp\libgcc.a(_udivmoddi4.o)
                0x000004f4                __udivmoddi4
 .text          0x000007b4        0x4 c:/users/marco/ncs/v1.9.0/toolchain/opt/bin/../lib/gcc/arm-none-eabi/9.2.1/thumb/v7e-m/nofp\libgcc.a(_dvmd_tls.o)
                0x000007b4                __aeabi_idiv0
                0x000007b4                __aeabi_ldiv0
 *(SORT_BY_ALIGNMENT(.text.*))
 .text.Filter   0x000007b8       0x3c app/libapp.a(main.c.obj)
                0x000007b8                Filter
 .text.Output   0x000007f4       0x24 app/libapp.a(main.c.obj)
                0x000007f4                Output
 .text.Input    0x00000818      0x12c app/libapp.a(main.c.obj)
                0x00000818                Input
 .text.config   0x00000944       0x48 app/libapp.a(main.c.obj)
                0x00000944                config
 .text.main     0x0000098c       0xc0 app/libapp.a(main.c.obj)
                0x0000098c                main
 .text.cbvprintf
                0x00000a4c      0x780 zephyr/libzephyr.a(cbprintf_complete.c.obj)
                0x00000a4c                cbvprintf
 .text.sys_notify_finalize
                0x000011cc       0x60 zephyr/libzephyr.a(notify.c.obj)
                0x000011cc                sys_notify_finalize
 .text.nrf_cc3xx_platform_abort_init
                0x0000122c        0xc zephyr/libzephyr.a(nrf_cc3xx_platform_abort_zephyr.c.obj)
                0x0000122c                nrf_cc3xx_platform_abort_init
 .text.mutex_unlock_platform
                0x00001238       0x4c zephyr/libzephyr.a(nrf_cc3xx_platform_mutex_zephyr.c.obj)
 .text.mutex_free_platform
                0x00001284       0x48 zephyr/libzephyr.a(nrf_cc3xx_platform_mutex_zephyr.c.obj)
 .text.mutex_init_platform
                0x000012cc       0x70 zephyr/libzephyr.a(nrf_cc3xx_platform_mutex_zephyr.c.obj)
 .text.mutex_lock_platform
                0x0000133c       0x58 zephyr/libzephyr.a(nrf_cc3xx_platform_mutex_zephyr.c.obj)
 .text.nrf_cc3xx_platform_mutex_init
                0x00001394       0x2c zephyr/libzephyr.a(nrf_cc3xx_platform_mutex_zephyr.c.obj)
                0x00001394                nrf_cc3xx_platform_mutex_init
 .text.process_event
                0x000013c0      0x3f4 zephyr/libzephyr.a(onoff.c.obj)
 .text.transition_complete
                0x000017b4       0x64 zephyr/libzephyr.a(onoff.c.obj)
 .text.onoff_request
                0x00001818      0x130 zephyr/libzephyr.a(onoff.c.obj)
                0x00001818                onoff_request
 .text.pm_state_notify
                0x00001948       0xcc zephyr/libzephyr.a(pm.c.obj)
 .text.atomic_test_and_set_bit.constprop.0
                0x00001a14       0x38 zephyr/libzephyr.a(pm.c.obj)
 .text.pm_system_resume
                0x00001a4c       0x88 zephyr/libzephyr.a(pm.c.obj)
                0x00001a4c                pm_system_resume
 .text.pm_system_suspend
                0x00001ad4      0x100 zephyr/libzephyr.a(pm.c.obj)
                0x00001ad4                pm_system_suspend
 .text.char_out
                0x00001bd4       0x10 zephyr/libzephyr.a(printk.c.obj)
 .text.__printk_hook_install
                0x00001be4        0xc zephyr/libzephyr.a(printk.c.obj)
                0x00001be4                __printk_hook_install
 .text.vprintk  0x00001bf0       0x1c zephyr/libzephyr.a(printk.c.obj)
                0x00001bf0                vprintk
 .text.sys_reboot
                0x00001c0c       0x28 zephyr/libzephyr.a(reboot.c.obj)
                0x00001c0c                sys_reboot
 .text.z_arm_cpu_idle_init
                0x00001c34        0xc zephyr/arch/arch/arm/core/aarch32/libarch__arm__core__aarch32.a(cpu_idle.S.obj)
                0x00001c34                z_arm_cpu_idle_init
 .text.arch_cpu_idle
                0x00001c40       0x1c zephyr/arch/arch/arm/core/aarch32/libarch__arm__core__aarch32.a(cpu_idle.S.obj)
                0x00001c40                arch_cpu_idle
 .text.arch_cpu_atomic_idle
                0x00001c5c       0x14 zephyr/arch/arch/arm/core/aarch32/libarch__arm__core__aarch32.a(cpu_idle.S.obj)
                0x00001c5c                arch_cpu_atomic_idle
 .text._isr_wrapper
                0x00001c70       0x40 zephyr/arch/arch/arm/core/aarch32/libarch__arm__core__aarch32.a(isr_wrapper.S.obj)
                0x00001c70                _isr_wrapper
 .text.z_SysNmiOnReset
                0x00001cb0        0x8 zephyr/arch/arch/arm/core/aarch32/libarch__arm__core__aarch32.a(nmi_on_reset.S.obj)
                0x00001cb0                z_SysNmiOnReset
 .text.z_arm_pendsv
                0x00001cb8       0x54 zephyr/arch/arch/arm/core/aarch32/libarch__arm__core__aarch32.a(swap_helper.S.obj)
                0x00001cb8                z_arm_pendsv
 .text.z_arm_svc
                0x00001d0c       0x20 zephyr/arch/arch/arm/core/aarch32/libarch__arm__core__aarch32.a(swap_helper.S.obj)
                0x00001d0c                z_arm_svc
 .text.arch_irq_enable
                0x00001d2c       0x20 zephyr/arch/arch/arm/core/aarch32/libarch__arm__core__aarch32.a(irq_manage.c.obj)
                0x00001d2c                arch_irq_enable
 .text.arch_irq_is_enabled
                0x00001d4c       0x1c zephyr/arch/arch/arm/core/aarch32/libarch__arm__core__aarch32.a(irq_manage.c.obj)
                0x00001d4c                arch_irq_is_enabled
 .text.z_arm_irq_priority_set
                0x00001d68       0x68 zephyr/arch/arch/arm/core/aarch32/libarch__arm__core__aarch32.a(irq_manage.c.obj)
                0x00001d68                z_arm_irq_priority_set
 .text.z_arm_prep_c
                0x00001dd0       0x38 zephyr/arch/arch/arm/core/aarch32/libarch__arm__core__aarch32.a(prep_c.c.obj)
                0x00001dd0                z_arm_prep_c
 .text.arch_swap
                0x00001e08       0x34 zephyr/arch/arch/arm/core/aarch32/libarch__arm__core__aarch32.a(swap.c.obj)
                0x00001e08                arch_swap
 .text.arch_new_thread
                0x00001e3c       0x38 zephyr/arch/arch/arm/core/aarch32/libarch__arm__core__aarch32.a(thread.c.obj)
                0x00001e3c                arch_new_thread
 .text.z_check_thread_stack_fail
                0x00001e74       0x34 zephyr/arch/arch/arm/core/aarch32/libarch__arm__core__aarch32.a(thread.c.obj)
                0x00001e74                z_check_thread_stack_fail
 .text.arch_switch_to_main_thread
                0x00001ea8       0x2c zephyr/arch/arch/arm/core/aarch32/libarch__arm__core__aarch32.a(thread.c.obj)
                0x00001ea8                arch_switch_to_main_thread
 .text._HandlerModeExit
                0x00001ed4       0x1c zephyr/arch/arch/arm/core/aarch32/cortex_m/libarch__arm__core__aarch32__cortex_m.a(exc_exit.S.obj)
                0x00001ed4                z_arm_int_exit
                0x00001ed4                z_arm_exc_exit
 .text.__fault  0x00001ef0       0x14 zephyr/arch/arch/arm/core/aarch32/cortex_m/libarch__arm__core__aarch32__cortex_m.a(fault_s.S.obj)
                0x00001ef0                z_arm_usage_fault
                0x00001ef0                z_arm_mpu_fault
                0x00001ef0                z_arm_exc_spurious
                0x00001ef0                z_arm_debug_monitor
                0x00001ef0                z_arm_hard_fault
                0x00001ef0                z_arm_bus_fault
 .text._reset_section
                0x00001f04       0x54 zephyr/arch/arch/arm/core/aarch32/cortex_m/libarch__arm__core__aarch32__cortex_m.a(reset.S.obj)
                0x00001f04                __start
                0x00001f04                z_arm_reset
 .text.mem_manage_fault
                0x00001f58       0xa4 zephyr/arch/arch/arm/core/aarch32/cortex_m/libarch__arm__core__aarch32__cortex_m.a(fault.c.obj)
 .text.bus_fault.isra.0
                0x00001ffc       0x3c zephyr/arch/arch/arm/core/aarch32/cortex_m/libarch__arm__core__aarch32__cortex_m.a(fault.c.obj)
 .text.usage_fault.isra.0
                0x00002038       0x24 zephyr/arch/arch/arm/core/aarch32/cortex_m/libarch__arm__core__aarch32__cortex_m.a(fault.c.obj)
 .text.z_arm_fault
                0x0000205c      0x17c zephyr/arch/arch/arm/core/aarch32/cortex_m/libarch__arm__core__aarch32__cortex_m.a(fault.c.obj)
                0x0000205c                z_arm_fault
 .text.z_arm_fault_init
                0x000021d8       0x10 zephyr/arch/arch/arm/core/aarch32/cortex_m/libarch__arm__core__aarch32__cortex_m.a(fault.c.obj)
                0x000021d8                z_arm_fault_init
 .text.z_arm_interrupt_init
                0x000021e8       0x18 zephyr/arch/arch/arm/core/aarch32/cortex_m/libarch__arm__core__aarch32__cortex_m.a(irq_init.c.obj)
                0x000021e8                z_arm_interrupt_init
 .text.z_arm_clear_arm_mpu_config
                0x00002200       0x20 zephyr/arch/arch/arm/core/aarch32/cortex_m/libarch__arm__core__aarch32__cortex_m.a(scb.c.obj)
                0x00002200                z_arm_clear_arm_mpu_config
 .text.z_arm_init_arch_hw_at_boot
                0x00002220       0x64 zephyr/arch/arch/arm/core/aarch32/cortex_m/libarch__arm__core__aarch32__cortex_m.a(scb.c.obj)
                0x00002220                z_arm_init_arch_hw_at_boot
 .text.z_impl_k_thread_abort
                0x00002284       0x24 zephyr/arch/arch/arm/core/aarch32/cortex_m/libarch__arm__core__aarch32__cortex_m.a(thread_abort.c.obj)
                0x00002284                z_impl_k_thread_abort
 .text.z_arm_configure_static_mpu_regions
                0x000022a8       0x18 zephyr/arch/arch/arm/core/aarch32/mpu/libarch__arm__core__aarch32__mpu.a(arm_core_mpu.c.obj)
                0x000022a8                z_arm_configure_static_mpu_regions
 .text.z_arm_configure_dynamic_mpu_regions
                0x000022c0       0x20 zephyr/arch/arch/arm/core/aarch32/mpu/libarch__arm__core__aarch32__mpu.a(arm_core_mpu.c.obj)
                0x000022c0                z_arm_configure_dynamic_mpu_regions
 .text.mpu_configure_regions
                0x000022e0       0x80 zephyr/arch/arch/arm/core/aarch32/mpu/libarch__arm__core__aarch32__mpu.a(arm_mpu.c.obj)
 .text.arm_core_mpu_enable
                0x00002360       0x14 zephyr/arch/arch/arm/core/aarch32/mpu/libarch__arm__core__aarch32__mpu.a(arm_mpu.c.obj)
                0x00002360                arm_core_mpu_enable
 .text.arm_core_mpu_disable
                0x00002374       0x10 zephyr/arch/arch/arm/core/aarch32/mpu/libarch__arm__core__aarch32__mpu.a(arm_mpu.c.obj)
                0x00002374                arm_core_mpu_disable
 .text.arm_core_mpu_configure_static_mpu_regions
                0x00002384       0x50 zephyr/arch/arch/arm/core/aarch32/mpu/libarch__arm__core__aarch32__mpu.a(arm_mpu.c.obj)
                0x00002384                arm_core_mpu_configure_static_mpu_regions
 .text.arm_core_mpu_configure_dynamic_mpu_regions
                0x000023d4       0x64 zephyr/arch/arch/arm/core/aarch32/mpu/libarch__arm__core__aarch32__mpu.a(arm_mpu.c.obj)
                0x000023d4                arm_core_mpu_configure_dynamic_mpu_regions
 .text.z_arm_mpu_init
                0x00002438       0xbc zephyr/arch/arch/arm/core/aarch32/mpu/libarch__arm__core__aarch32__mpu.a(arm_mpu.c.obj)
                0x00002438                z_arm_mpu_init
 .text.__stdout_hook_install
                0x000024f4        0xc zephyr/lib/libc/minimal/liblib__libc__minimal.a(stdout_console.c.obj)
                0x000024f4                __stdout_hook_install
 .text.nordicsemi_nrf52_init
                0x00002500       0x64 zephyr/soc/arm/nordic_nrf/nrf52/libsoc__arm__nordic_nrf__nrf52.a(soc.c.obj)
 .text.sys_arch_reboot
                0x00002564       0x2c zephyr/soc/arm/nordic_nrf/nrf52/libsoc__arm__nordic_nrf__nrf52.a(soc.c.obj)
                0x00002564                sys_arch_reboot
 .text.arch_busy_wait
                0x00002590       0x14 zephyr/soc/arm/nordic_nrf/nrf52/libsoc__arm__nordic_nrf__nrf52.a(soc.c.obj)
                0x00002590                arch_busy_wait
 .text.adc_context_start_sampling.isra.0
                0x000025a4       0x20 zephyr/drivers/adc/libdrivers__adc.a(adc_nrfx_saadc.c.obj)
 .text.adc_nrfx_channel_setup
                0x000025c4       0xd4 zephyr/drivers/adc/libdrivers__adc.a(adc_nrfx_saadc.c.obj)
 .text.start_read.isra.0
                0x00002698      0x188 zephyr/drivers/adc/libdrivers__adc.a(adc_nrfx_saadc.c.obj)
 .text.adc_nrfx_read_async
                0x00002820       0x44 zephyr/drivers/adc/libdrivers__adc.a(adc_nrfx_saadc.c.obj)
 .text.init_saadc
                0x00002864       0x48 zephyr/drivers/adc/libdrivers__adc.a(adc_nrfx_saadc.c.obj)
 .text.saadc_irq_handler
                0x000028ac       0xf4 zephyr/drivers/adc/libdrivers__adc.a(adc_nrfx_saadc.c.obj)
 .text.adc_nrfx_read
                0x000029a0       0x40 zephyr/drivers/adc/libdrivers__adc.a(adc_nrfx_saadc.c.obj)
 .text.onoff_start
                0x000029e0       0x54 zephyr/drivers/clock_control/libdrivers__clock_control.a(clock_control_nrf.c.obj)
 .text.get_status
                0x00002a34       0x3c zephyr/drivers/clock_control/libdrivers__clock_control.a(clock_control_nrf.c.obj)
 .text.stop     0x00002a70       0x7c zephyr/drivers/clock_control/libdrivers__clock_control.a(clock_control_nrf.c.obj)
 .text.onoff_stop
                0x00002aec       0x28 zephyr/drivers/clock_control/libdrivers__clock_control.a(clock_control_nrf.c.obj)
 .text.clk_init
                0x00002b14       0x60 zephyr/drivers/clock_control/libdrivers__clock_control.a(clock_control_nrf.c.obj)
 .text.clkstarted_handle.constprop.0
                0x00002b74       0x34 zephyr/drivers/clock_control/libdrivers__clock_control.a(clock_control_nrf.c.obj)
 .text.clock_event_handler
                0x00002ba8       0x60 zephyr/drivers/clock_control/libdrivers__clock_control.a(clock_control_nrf.c.obj)
 .text.generic_hfclk_start
                0x00002c08       0x64 zephyr/drivers/clock_control/libdrivers__clock_control.a(clock_control_nrf.c.obj)
 .text.generic_hfclk_stop
                0x00002c6c       0x2c zephyr/drivers/clock_control/libdrivers__clock_control.a(clock_control_nrf.c.obj)
 .text.api_blocking_start
                0x00002c98       0x3c zephyr/drivers/clock_control/libdrivers__clock_control.a(clock_control_nrf.c.obj)
 .text.z_nrf_clock_control_lf_on
                0x00002cd4      0x158 zephyr/drivers/clock_control/libdrivers__clock_control.a(clock_control_nrf.c.obj)
                0x00002cd4                z_nrf_clock_control_lf_on
 .text.uart_console_init
                0x00002e2c       0x30 zephyr/drivers/console/libdrivers__console.a(uart_console.c.obj)
 .text.console_out
                0x00002e5c       0x28 zephyr/drivers/console/libdrivers__console.a(uart_console.c.obj)
 .text.gpio_nrfx_manage_callback
                0x00002e84       0xac zephyr/drivers/gpio/libdrivers__gpio.a(gpio_nrfx.c.obj)
 .text.nrfx_gpio_handler
                0x00002f30       0x98 zephyr/drivers/gpio/libdrivers__gpio.a(gpio_nrfx.c.obj)
 .text.gpio_nrfx_pin_interrupt_configure
                0x00002fc8      0x130 zephyr/drivers/gpio/libdrivers__gpio.a(gpio_nrfx.c.obj)
 .text.gpio_nrfx_init
                0x000030f8       0x38 zephyr/drivers/gpio/libdrivers__gpio.a(gpio_nrfx.c.obj)
 .text.gpio_nrfx_pin_configure
                0x00003130      0x15c zephyr/drivers/gpio/libdrivers__gpio.a(gpio_nrfx.c.obj)
 .text.uarte_nrfx_configure
                0x0000328c      0x164 zephyr/drivers/serial/libdrivers__serial.a(uart_nrfx_uarte.c.obj)
 .text.nrf_gpio_pin_port_decode
                0x000033f0       0x84 zephyr/drivers/serial/libdrivers__serial.a(uart_nrfx_uarte.c.obj)
 .text.uarte_nrfx_poll_out
                0x00003474       0xc4 zephyr/drivers/serial/libdrivers__serial.a(uart_nrfx_uarte.c.obj)
 .text.uarte_instance_init.isra.0
                0x00003538      0x198 zephyr/drivers/serial/libdrivers__serial.a(uart_nrfx_uarte.c.obj)
 .text.sys_clock_timeout_handler
                0x000036d0       0x78 zephyr/drivers/timer/libdrivers__timer.a(nrf_rtc_timer.c.obj)
 .text.compare_int_lock
                0x00003748       0x50 zephyr/drivers/timer/libdrivers__timer.a(nrf_rtc_timer.c.obj)
 .text.compare_int_unlock.part.0
                0x00003798       0x5c zephyr/drivers/timer/libdrivers__timer.a(nrf_rtc_timer.c.obj)
 .text.z_nrf_rtc_timer_read
                0x000037f4       0x44 zephyr/drivers/timer/libdrivers__timer.a(nrf_rtc_timer.c.obj)
                0x000037f4                z_nrf_rtc_timer_read
 .text.compare_set
                0x00003838      0x154 zephyr/drivers/timer/libdrivers__timer.a(nrf_rtc_timer.c.obj)
 .text.sys_clock_driver_init
                0x0000398c       0x84 zephyr/drivers/timer/libdrivers__timer.a(nrf_rtc_timer.c.obj)
 .text.rtc_nrf_isr
                0x00003a10       0xf0 zephyr/drivers/timer/libdrivers__timer.a(nrf_rtc_timer.c.obj)
                0x00003a10                rtc_nrf_isr
 .text.sys_clock_set_timeout
                0x00003b00       0x60 zephyr/drivers/timer/libdrivers__timer.a(nrf_rtc_timer.c.obj)
                0x00003b00                sys_clock_set_timeout
 .text.sys_clock_elapsed
                0x00003b60       0x14 zephyr/drivers/timer/libdrivers__timer.a(nrf_rtc_timer.c.obj)
                0x00003b60                sys_clock_elapsed
 .text.nrf_clock_is_running.constprop.0
                0x00003b74       0x68 modules/hal_nordic/nrfx/libmodules__hal_nordic__nrfx.a(nrfx_clock.c.obj)
 .text.nrfx_clock_init
                0x00003bdc       0x48 modules/hal_nordic/nrfx/libmodules__hal_nordic__nrfx.a(nrfx_clock.c.obj)
                0x00003bdc                nrfx_clock_init
 .text.nrfx_clock_enable
                0x00003c24       0x40 modules/hal_nordic/nrfx/libmodules__hal_nordic__nrfx.a(nrfx_clock.c.obj)
                0x00003c24                nrfx_clock_enable
 .text.nrfx_clock_start
                0x00003c64       0xa8 modules/hal_nordic/nrfx/libmodules__hal_nordic__nrfx.a(nrfx_clock.c.obj)
                0x00003c64                nrfx_clock_start
 .text.nrfx_clock_stop
                0x00003d0c       0xdc modules/hal_nordic/nrfx/libmodules__hal_nordic__nrfx.a(nrfx_clock.c.obj)
                0x00003d0c                nrfx_clock_stop
 .text.nrfx_power_clock_irq_handler
                0x00003de8       0x68 modules/hal_nordic/nrfx/libmodules__hal_nordic__nrfx.a(nrfx_clock.c.obj)
                0x00003de8                nrfx_power_clock_irq_handler
 .text.nrfx_flag32_alloc
                0x00003e50       0x48 modules/hal_nordic/nrfx/libmodules__hal_nordic__nrfx.a(nrfx_flag32_allocator.c.obj)
                0x00003e50                nrfx_flag32_alloc
 .text.nrfx_flag32_free
                0x00003e98       0x44 modules/hal_nordic/nrfx/libmodules__hal_nordic__nrfx.a(nrfx_flag32_allocator.c.obj)
                0x00003e98                nrfx_flag32_free
 .text.pin_is_task_output
                0x00003edc       0x1c modules/hal_nordic/nrfx/libmodules__hal_nordic__nrfx.a(nrfx_gpiote.c.obj)
 .text.call_handler
                0x00003ef8       0x3c modules/hal_nordic/nrfx/libmodules__hal_nordic__nrfx.a(nrfx_gpiote.c.obj)
 .text.release_handler
                0x00003f34       0x80 modules/hal_nordic/nrfx/libmodules__hal_nordic__nrfx.a(nrfx_gpiote.c.obj)
 .text.pin_handler_trigger_uninit
                0x00003fb4       0x34 modules/hal_nordic/nrfx/libmodules__hal_nordic__nrfx.a(nrfx_gpiote.c.obj)
 .text.nrf_gpio_pin_port_decode
                0x00003fe8       0x6c modules/hal_nordic/nrfx/libmodules__hal_nordic__nrfx.a(nrfx_gpiote.c.obj)
 .text.nrfx_gpiote_input_configure
                0x00004054      0x150 modules/hal_nordic/nrfx/libmodules__hal_nordic__nrfx.a(nrfx_gpiote.c.obj)
                0x00004054                nrfx_gpiote_input_configure
 .text.nrfx_gpiote_output_configure
                0x000041a4       0xe0 modules/hal_nordic/nrfx/libmodules__hal_nordic__nrfx.a(nrfx_gpiote.c.obj)
                0x000041a4                nrfx_gpiote_output_configure
 .text.nrfx_gpiote_global_callback_set
                0x00004284        0xc modules/hal_nordic/nrfx/libmodules__hal_nordic__nrfx.a(nrfx_gpiote.c.obj)
                0x00004284                nrfx_gpiote_global_callback_set
 .text.nrfx_gpiote_channel_get
                0x00004290       0x50 modules/hal_nordic/nrfx/libmodules__hal_nordic__nrfx.a(nrfx_gpiote.c.obj)
                0x00004290                nrfx_gpiote_channel_get
 .text.nrfx_gpiote_init
                0x000042e0       0x50 modules/hal_nordic/nrfx/libmodules__hal_nordic__nrfx.a(nrfx_gpiote.c.obj)
                0x000042e0                nrfx_gpiote_init
 .text.nrfx_gpiote_is_init
                0x00004330       0x14 modules/hal_nordic/nrfx/libmodules__hal_nordic__nrfx.a(nrfx_gpiote.c.obj)
                0x00004330                nrfx_gpiote_is_init
 .text.nrfx_gpiote_channel_free
                0x00004344        0xc modules/hal_nordic/nrfx/libmodules__hal_nordic__nrfx.a(nrfx_gpiote.c.obj)
                0x00004344                nrfx_gpiote_channel_free
 .text.nrfx_gpiote_channel_alloc
                0x00004350        0xc modules/hal_nordic/nrfx/libmodules__hal_nordic__nrfx.a(nrfx_gpiote.c.obj)
                0x00004350                nrfx_gpiote_channel_alloc
 .text.nrfx_gpiote_trigger_enable
                0x0000435c       0xe0 modules/hal_nordic/nrfx/libmodules__hal_nordic__nrfx.a(nrfx_gpiote.c.obj)
                0x0000435c                nrfx_gpiote_trigger_enable
 .text.nrfx_gpiote_trigger_disable
                0x0000443c       0x44 modules/hal_nordic/nrfx/libmodules__hal_nordic__nrfx.a(nrfx_gpiote.c.obj)
                0x0000443c                nrfx_gpiote_trigger_disable
 .text.nrfx_gpiote_pin_uninit
                0x00004480       0x48 modules/hal_nordic/nrfx/libmodules__hal_nordic__nrfx.a(nrfx_gpiote.c.obj)
                0x00004480                nrfx_gpiote_pin_uninit
 .text.nrfx_gpiote_irq_handler
                0x000044c8      0x1b4 modules/hal_nordic/nrfx/libmodules__hal_nordic__nrfx.a(nrfx_gpiote.c.obj)
                0x000044c8                nrfx_gpiote_irq_handler
 .text.nrfx_ppi_channel_alloc
                0x0000467c        0xc modules/hal_nordic/nrfx/libmodules__hal_nordic__nrfx.a(nrfx_ppi.c.obj)
                0x0000467c                nrfx_ppi_channel_alloc
 .text.nrf52_errata_36
                0x00004688       0x14 modules/hal_nordic/nrfx/libmodules__hal_nordic__nrfx.a(system_nrf52840.c.obj)
 .text.nrf52_errata_98
                0x0000469c       0x28 modules/hal_nordic/nrfx/libmodules__hal_nordic__nrfx.a(system_nrf52840.c.obj)
 .text.nvmc_wait
                0x000046c4       0x10 modules/hal_nordic/nrfx/libmodules__hal_nordic__nrfx.a(system_nrf52840.c.obj)
                0x000046c4                nvmc_wait
 .text.SystemInit
                0x000046d4      0x1d0 modules/hal_nordic/nrfx/libmodules__hal_nordic__nrfx.a(system_nrf52840.c.obj)
                0x000046d4                SystemInit
 .text._DoInit  0x000048a4       0x6c modules/segger/libmodules__segger.a(SEGGER_RTT.c.obj)
 .text.z_sys_init_run_level
                0x00004910       0x40 zephyr/kernel/libkernel.a(device.c.obj)
                0x00004910                z_sys_init_run_level
 .text.z_impl_device_get_binding
                0x00004950       0x58 zephyr/kernel/libkernel.a(device.c.obj)
                0x00004950                z_impl_device_get_binding
 .text.z_fatal_error
                0x000049a8       0x64 zephyr/kernel/libkernel.a(fatal.c.obj)
                0x000049a8                z_fatal_error
 .text.idle     0x00004a0c       0x58 zephyr/kernel/libkernel.a(idle.c.obj)
                0x00004a0c                idle
 .text.init_idle_thread
                0x00004a64       0x58 zephyr/kernel/libkernel.a(init.c.obj)
 .text.bg_thread_main
                0x00004abc       0x34 zephyr/kernel/libkernel.a(init.c.obj)
 .text.z_bss_zero
                0x00004af0       0x14 zephyr/kernel/libkernel.a(init.c.obj)
                0x00004af0                z_bss_zero
 .text.z_cstart
                0x00004b04       0xe4 zephyr/kernel/libkernel.a(init.c.obj)
                0x00004b04                z_cstart
 .text.init_mem_slab_module
                0x00004be8       0x78 zephyr/kernel/libkernel.a(mem_slab.c.obj)
 .text.k_mem_slab_alloc
                0x00004c60       0xd8 zephyr/kernel/libkernel.a(mem_slab.c.obj)
                0x00004c60                k_mem_slab_alloc
 .text.k_mem_slab_free
                0x00004d38       0xc8 zephyr/kernel/libkernel.a(mem_slab.c.obj)
                0x00004d38                k_mem_slab_free
 .text.z_impl_k_mutex_lock
                0x00004e00      0x200 zephyr/kernel/libkernel.a(mutex.c.obj)
                0x00004e00                z_impl_k_mutex_lock
 .text.z_impl_k_mutex_unlock
                0x00005000      0x190 zephyr/kernel/libkernel.a(mutex.c.obj)
                0x00005000                z_impl_k_mutex_unlock
 .text.signal_poll_event
                0x00005190       0xec zephyr/kernel/libkernel.a(poll.c.obj)
 .text.z_impl_k_poll_signal_raise
                0x0000527c       0xb8 zephyr/kernel/libkernel.a(poll.c.obj)
                0x0000527c                z_impl_k_poll_signal_raise
 .text.z_reset_time_slice
                0x00005334       0x2c zephyr/kernel/libkernel.a(sched.c.obj)
                0x00005334                z_reset_time_slice
 .text.k_sched_time_slice_set
                0x00005360       0xcc zephyr/kernel/libkernel.a(sched.c.obj)
                0x00005360                k_sched_time_slice_set
 .text.z_unpend_thread_no_timeout
                0x0000542c       0x90 zephyr/kernel/libkernel.a(sched.c.obj)
                0x0000542c                z_unpend_thread_no_timeout
 .text.z_reschedule
                0x000054bc       0x88 zephyr/kernel/libkernel.a(sched.c.obj)
                0x000054bc                z_reschedule
 .text.k_sched_lock
                0x00005544       0xe8 zephyr/kernel/libkernel.a(sched.c.obj)
                0x00005544                k_sched_lock
 .text.z_priq_dumb_remove
                0x0000562c       0x44 zephyr/kernel/libkernel.a(sched.c.obj)
                0x0000562c                z_priq_dumb_remove
 .text.unpend_thread_no_timeout
                0x00005670       0x44 zephyr/kernel/libkernel.a(sched.c.obj)
 .text.z_unpend_thread
                0x000056b4       0x98 zephyr/kernel/libkernel.a(sched.c.obj)
                0x000056b4                z_unpend_thread
 .text.update_cache
                0x0000574c       0x70 zephyr/kernel/libkernel.a(sched.c.obj)
 .text.move_thread_to_end_of_prio_q
                0x000057bc       0xac zephyr/kernel/libkernel.a(sched.c.obj)
 .text.z_time_slice
                0x00005868       0xf0 zephyr/kernel/libkernel.a(sched.c.obj)
                0x00005868                z_time_slice
 .text.ready_thread
                0x00005958       0xa4 zephyr/kernel/libkernel.a(sched.c.obj)
 .text.z_ready_thread
                0x000059fc       0x90 zephyr/kernel/libkernel.a(sched.c.obj)
                0x000059fc                z_ready_thread
 .text.z_sched_start
                0x00005a8c       0xa8 zephyr/kernel/libkernel.a(sched.c.obj)
                0x00005a8c                z_sched_start
 .text.z_thread_timeout
                0x00005b34       0xb4 zephyr/kernel/libkernel.a(sched.c.obj)
                0x00005b34                z_thread_timeout
 .text.unready_thread
                0x00005be8       0x38 zephyr/kernel/libkernel.a(sched.c.obj)
 .text.add_to_waitq_locked
                0x00005c20       0x84 zephyr/kernel/libkernel.a(sched.c.obj)
 .text.pend     0x00005ca4       0xbc zephyr/kernel/libkernel.a(sched.c.obj)
 .text.z_pend_curr
                0x00005d60       0x60 zephyr/kernel/libkernel.a(sched.c.obj)
                0x00005d60                z_pend_curr
 .text.z_set_prio
                0x00005dc0      0x138 zephyr/kernel/libkernel.a(sched.c.obj)
                0x00005dc0                z_set_prio
 .text.z_impl_k_thread_suspend
                0x00005ef8       0xd4 zephyr/kernel/libkernel.a(sched.c.obj)
                0x00005ef8                z_impl_k_thread_suspend
 .text.k_sched_unlock
                0x00005fcc       0xf8 zephyr/kernel/libkernel.a(sched.c.obj)
                0x00005fcc                k_sched_unlock
 .text.z_unpend1_no_timeout
                0x000060c4       0x98 zephyr/kernel/libkernel.a(sched.c.obj)
                0x000060c4                z_unpend1_no_timeout
 .text.z_unpend_first_thread
                0x0000615c       0xa0 zephyr/kernel/libkernel.a(sched.c.obj)
                0x0000615c                z_unpend_first_thread
 .text.z_sched_init
                0x000061fc       0x18 zephyr/kernel/libkernel.a(sched.c.obj)
                0x000061fc                z_sched_init
 .text.z_impl_k_yield
                0x00006214      0x148 zephyr/kernel/libkernel.a(sched.c.obj)
                0x00006214                z_impl_k_yield
 .text.z_tick_sleep
                0x0000635c      0x15c zephyr/kernel/libkernel.a(sched.c.obj)
 .text.z_impl_k_sleep
                0x000064b8       0x70 zephyr/kernel/libkernel.a(sched.c.obj)
                0x000064b8                z_impl_k_sleep
 .text.z_impl_z_current_get
                0x00006528        0xc zephyr/kernel/libkernel.a(sched.c.obj)
                0x00006528                z_impl_z_current_get
 .text.z_impl_k_is_preempt_thread
                0x00006534       0x20 zephyr/kernel/libkernel.a(sched.c.obj)
                0x00006534                z_impl_k_is_preempt_thread
 .text.z_thread_abort
                0x00006554      0x168 zephyr/kernel/libkernel.a(sched.c.obj)
                0x00006554                z_thread_abort
 .text.z_sched_wake
                0x000066bc       0xb0 zephyr/kernel/libkernel.a(sched.c.obj)
                0x000066bc                z_sched_wake
 .text.z_sched_wait
                0x0000676c       0x24 zephyr/kernel/libkernel.a(sched.c.obj)
                0x0000676c                z_sched_wait
 .text.z_impl_k_sem_give
                0x00006790       0x88 zephyr/kernel/libkernel.a(sem.c.obj)
                0x00006790                z_impl_k_sem_give
 .text.z_impl_k_sem_take
                0x00006818      0x114 zephyr/kernel/libkernel.a(sem.c.obj)
                0x00006818                z_impl_k_sem_take
 .text.k_sys_work_q_init
                0x0000692c       0x34 zephyr/kernel/libkernel.a(system_work_q.c.obj)
 .text.z_setup_new_thread
                0x00006960       0xc8 zephyr/kernel/libkernel.a(thread.c.obj)
                0x00006960                z_setup_new_thread
 .text.z_impl_k_thread_create
                0x00006a28       0x9c zephyr/kernel/libkernel.a(thread.c.obj)
                0x00006a28                z_impl_k_thread_create
 .text.z_init_static_threads
                0x00006ac4      0x120 zephyr/kernel/libkernel.a(thread.c.obj)
                0x00006ac4                z_init_static_threads
 .text.z_spin_lock_valid
                0x00006be4       0x1c zephyr/kernel/libkernel.a(thread.c.obj)
                0x00006be4                z_spin_lock_valid
 .text.z_spin_unlock_valid
                0x00006c00       0x20 zephyr/kernel/libkernel.a(thread.c.obj)
                0x00006c00                z_spin_unlock_valid
 .text.z_spin_lock_set_owner
                0x00006c20       0x10 zephyr/kernel/libkernel.a(thread.c.obj)
                0x00006c20                z_spin_lock_set_owner
 .text.elapsed  0x00006c30       0x14 zephyr/kernel/libkernel.a(timeout.c.obj)
 .text.next_timeout
                0x00006c44       0x58 zephyr/kernel/libkernel.a(timeout.c.obj)
 .text.remove_timeout
                0x00006c9c       0x34 zephyr/kernel/libkernel.a(timeout.c.obj)
 .text.z_add_timeout
                0x00006cd0      0x1a8 zephyr/kernel/libkernel.a(timeout.c.obj)
                0x00006cd0                z_add_timeout
 .text.z_abort_timeout
                0x00006e78       0x9c zephyr/kernel/libkernel.a(timeout.c.obj)
                0x00006e78                z_abort_timeout
 .text.z_get_next_timeout_expiry
                0x00006f14       0x90 zephyr/kernel/libkernel.a(timeout.c.obj)
                0x00006f14                z_get_next_timeout_expiry
 .text.z_set_timeout_expiry
                0x00006fa4       0xa0 zephyr/kernel/libkernel.a(timeout.c.obj)
                0x00006fa4                z_set_timeout_expiry
 .text.sys_clock_announce
                0x00007044      0x198 zephyr/kernel/libkernel.a(timeout.c.obj)
                0x00007044                sys_clock_announce
 .text.sys_clock_tick_get
                0x000071dc       0xa0 zephyr/kernel/libkernel.a(timeout.c.obj)
                0x000071dc                sys_clock_tick_get
 .text.z_timer_expiration_handler
                0x0000727c      0x168 zephyr/kernel/libkernel.a(timer.c.obj)
                0x0000727c                z_timer_expiration_handler
 .text.z_impl_k_timer_start
                0x000073e4       0xc0 zephyr/kernel/libkernel.a(timer.c.obj)
                0x000073e4                z_impl_k_timer_start
 .text.work_queue_main
                0x000074a4      0x228 zephyr/kernel/libkernel.a(work.c.obj)
 .text.submit_to_queue_locked
                0x000076cc       0xc8 zephyr/kernel/libkernel.a(work.c.obj)
 .text.k_work_submit_to_queue
                0x00007794       0xc8 zephyr/kernel/libkernel.a(work.c.obj)
                0x00007794                k_work_submit_to_queue
 .text.k_work_queue_start
                0x0000785c       0xe4 zephyr/kernel/libkernel.a(work.c.obj)
                0x0000785c                k_work_queue_start
 .text.z_data_copy
                0x00007940       0x34 zephyr/kernel/libkernel.a(xip.c.obj)
                0x00007940                z_data_copy
 .text.boot_banner
                0x00007974       0x18 zephyr/kernel/libkernel.a(banner.c.obj)
                0x00007974                boot_banner
 .text.nrf_cc3xx_platform_init_no_rng
                0x0000798c       0x38 C:/Users/marco/ncs/v1.9.0/nrfxlib/crypto/nrf_cc310_platform/lib/cortex-m4/soft-float/no-interrupts/libnrf_cc310_platform_0.9.13.a(nrf_cc3xx_platform.c.obj)
                0x0000798c                nrf_cc3xx_platform_init_no_rng
 .text.nrf_cc3xx_platform_abort
                0x000079c4       0x24 C:/Users/marco/ncs/v1.9.0/nrfxlib/crypto/nrf_cc310_platform/lib/cortex-m4/soft-float/no-interrupts/libnrf_cc310_platform_0.9.13.a(nrf_cc3xx_platform_abort.c.obj)
 .text.CC_PalAbort
                0x000079e8       0x40 C:/Users/marco/ncs/v1.9.0/nrfxlib/crypto/nrf_cc310_platform/lib/cortex-m4/soft-float/no-interrupts/libnrf_cc310_platform_0.9.13.a(nrf_cc3xx_platform_abort.c.obj)
                0x000079e8                CC_PalAbort
 .text.nrf_cc3xx_platform_set_abort
                0x00007a28       0x10 C:/Users/marco/ncs/v1.9.0/nrfxlib/crypto/nrf_cc310_platform/lib/cortex-m4/soft-float/no-interrupts/libnrf_cc310_platform_0.9.13.a(nrf_cc3xx_platform_abort.c.obj)
                0x00007a28                nrf_cc3xx_platform_set_abort
 .text.mutex_free
                0x00007a38       0x28 C:/Users/marco/ncs/v1.9.0/nrfxlib/crypto/nrf_cc310_platform/lib/cortex-m4/soft-float/no-interrupts/libnrf_cc310_platform_0.9.13.a(nrf_cc3xx_platform_mutex.c.obj)
 .text.mutex_unlock
                0x00007a60       0x2c C:/Users/marco/ncs/v1.9.0/nrfxlib/crypto/nrf_cc310_platform/lib/cortex-m4/soft-float/no-interrupts/libnrf_cc310_platform_0.9.13.a(nrf_cc3xx_platform_mutex.c.obj)
 .text.mutex_init
                0x00007a8c       0x1c C:/Users/marco/ncs/v1.9.0/nrfxlib/crypto/nrf_cc310_platform/lib/cortex-m4/soft-float/no-interrupts/libnrf_cc310_platform_0.9.13.a(nrf_cc3xx_platform_mutex.c.obj)
 .text.mutex_lock
                0x00007aa8       0x44 C:/Users/marco/ncs/v1.9.0/nrfxlib/crypto/nrf_cc310_platform/lib/cortex-m4/soft-float/no-interrupts/libnrf_cc310_platform_0.9.13.a(nrf_cc3xx_platform_mutex.c.obj)
 .text.nrf_cc3xx_platform_set_mutexes
                0x00007aec       0x60 C:/Users/marco/ncs/v1.9.0/nrfxlib/crypto/nrf_cc310_platform/lib/cortex-m4/soft-float/no-interrupts/libnrf_cc310_platform_0.9.13.a(nrf_cc3xx_platform_mutex.c.obj)
                0x00007aec                nrf_cc3xx_platform_set_mutexes
 .text.CC_LibInitNoRng
                0x00007b4c       0x6c C:/Users/marco/ncs/v1.9.0/nrfxlib/crypto/nrf_cc310_platform/lib/cortex-m4/soft-float/no-interrupts/libnrf_cc310_platform_0.9.13.a(cc_lib.c.obj)
                0x00007b4c                CC_LibInitNoRng
 .text.CC_HalInit
                0x00007bb8        0x4 C:/Users/marco/ncs/v1.9.0/nrfxlib/crypto/nrf_cc310_platform/lib/cortex-m4/soft-float/no-interrupts/libnrf_cc310_platform_0.9.13.a(cc_hal.c.obj)
                0x00007bb8                CC_HalInit
 .text.CC_HalTerminate
                0x00007bbc        0x4 C:/Users/marco/ncs/v1.9.0/nrfxlib/crypto/nrf_cc310_platform/lib/cortex-m4/soft-float/no-interrupts/libnrf_cc310_platform_0.9.13.a(cc_hal.c.obj)
                0x00007bbc                CC_HalTerminate
 .text.CC_HalMaskInterrupt
                0x00007bc0        0xc C:/Users/marco/ncs/v1.9.0/nrfxlib/crypto/nrf_cc310_platform/lib/cortex-m4/soft-float/no-interrupts/libnrf_cc310_platform_0.9.13.a(cc_hal.c.obj)
                0x00007bc0                CC_HalMaskInterrupt
 .text.CC_PalInit
                0x00007bcc       0x5c C:/Users/marco/ncs/v1.9.0/nrfxlib/crypto/nrf_cc310_platform/lib/cortex-m4/soft-float/no-interrupts/libnrf_cc310_platform_0.9.13.a(cc_pal.c.obj)
                0x00007bcc                CC_PalInit
 .text.CC_PalTerminate
                0x00007c28       0x34 C:/Users/marco/ncs/v1.9.0/nrfxlib/crypto/nrf_cc310_platform/lib/cortex-m4/soft-float/no-interrupts/libnrf_cc310_platform_0.9.13.a(cc_pal.c.obj)
                0x00007c28                CC_PalTerminate
 .text.CC_PalDmaInit
                0x00007c5c        0x4 C:/Users/marco/ncs/v1.9.0/nrfxlib/crypto/nrf_cc310_platform/lib/cortex-m4/soft-float/no-interrupts/libnrf_cc310_platform_0.9.13.a(cc_pal_dma.c.obj)
                0x00007c5c                CC_PalDmaInit
 .text.CC_PalDmaTerminate
                0x00007c60        0x4 C:/Users/marco/ncs/v1.9.0/nrfxlib/crypto/nrf_cc310_platform/lib/cortex-m4/soft-float/no-interrupts/libnrf_cc310_platform_0.9.13.a(cc_pal_dma.c.obj)
                0x00007c60                CC_PalDmaTerminate
 .text.CC_PalMutexCreate
                0x00007c64       0x14 C:/Users/marco/ncs/v1.9.0/nrfxlib/crypto/nrf_cc310_platform/lib/cortex-m4/soft-float/no-interrupts/libnrf_cc310_platform_0.9.13.a(cc_pal_mutex.c.obj)
                0x00007c64                CC_PalMutexCreate
 .text.CC_PalMutexDestroy
                0x00007c78       0x14 C:/Users/marco/ncs/v1.9.0/nrfxlib/crypto/nrf_cc310_platform/lib/cortex-m4/soft-float/no-interrupts/libnrf_cc310_platform_0.9.13.a(cc_pal_mutex.c.obj)
                0x00007c78                CC_PalMutexDestroy
 .text.CC_PalPowerSaveModeInit
                0x00007c8c       0x3c C:/Users/marco/ncs/v1.9.0/nrfxlib/crypto/nrf_cc310_platform/lib/cortex-m4/soft-float/no-interrupts/libnrf_cc310_platform_0.9.13.a(cc_pal_pm.c.obj)
                0x00007c8c                CC_PalPowerSaveModeInit
 .text.CC_PalPowerSaveModeSelect
                0x00007cc8       0x84 C:/Users/marco/ncs/v1.9.0/nrfxlib/crypto/nrf_cc310_platform/lib/cortex-m4/soft-float/no-interrupts/libnrf_cc310_platform_0.9.13.a(cc_pal_pm.c.obj)
                0x00007cc8                CC_PalPowerSaveModeSelect
 .text.assert_post_action
                0x00007d4c        0xe zephyr/libzephyr.a(assert.c.obj)
                0x00007d4c                assert_post_action
 .text.encode_uint
                0x00007d5a       0x96 zephyr/libzephyr.a(cbprintf_complete.c.obj)
 .text.outs     0x00007df0       0x2c zephyr/libzephyr.a(cbprintf_complete.c.obj)
 .text._ConfigAbsSyms
                0x00007e1c        0x2 zephyr/libzephyr.a(configs.c.obj)
                0x00007e1c                _ConfigAbsSyms
 .text.sys_notify_validate
                0x00007e1e       0x28 zephyr/libzephyr.a(notify.c.obj)
                0x00007e1e                sys_notify_validate
 .text.abort_function
                0x00007e46        0x8 zephyr/libzephyr.a(nrf_cc3xx_platform_abort_zephyr.c.obj)
 .text.process_recheck
                0x00007e4e       0x38 zephyr/libzephyr.a(onoff.c.obj)
 .text.notify_one
                0x00007e86       0x2c zephyr/libzephyr.a(onoff.c.obj)
 .text.validate_args
                0x00007eb2       0x1e zephyr/libzephyr.a(onoff.c.obj)
 .text.onoff_manager_init
                0x00007ed0       0x26 zephyr/libzephyr.a(onoff.c.obj)
                0x00007ed0                onoff_manager_init
 .text.arch_printk_char_out
                0x00007ef6        0x4 zephyr/libzephyr.a(printk.c.obj)
                0x00007ef6                arch_printk_char_out
 .text.printk   0x00007efa       0x1a zephyr/libzephyr.a(printk.c.obj)
                0x00007efa                printk
 .text.pm_policy_next_state
                0x00007f14        0xa zephyr/libzephyr.a(residency.c.obj)
                0x00007f14                pm_policy_next_state
 .text.z_thread_entry
                0x00007f1e       0x14 zephyr/libzephyr.a(thread_entry.c.obj)
                0x00007f1e                z_thread_entry
 .text.z_arm_fatal_error
                0x00007f32        0x4 zephyr/arch/arch/arm/core/aarch32/libarch__arm__core__aarch32.a(fatal.c.obj)
                0x00007f32                z_arm_fatal_error
 .text.z_do_kernel_oops
                0x00007f36        0x8 zephyr/arch/arch/arm/core/aarch32/libarch__arm__core__aarch32.a(fatal.c.obj)
                0x00007f36                z_do_kernel_oops
 .text.z_irq_spurious
                0x00007f3e        0x8 zephyr/arch/arch/arm/core/aarch32/libarch__arm__core__aarch32.a(irq_manage.c.obj)
                0x00007f3e                z_irq_spurious
 .text.z_arm_nmi
                0x00007f46        0xe zephyr/arch/arch/arm/core/aarch32/libarch__arm__core__aarch32.a(nmi.c.obj)
                0x00007f46                z_arm_nmi
 .text._stdout_hook_default
                0x00007f54        0x6 zephyr/lib/libc/minimal/liblib__libc__minimal.a(stdout_console.c.obj)
 .text.strcpy   0x00007f5a       0x14 zephyr/lib/libc/minimal/liblib__libc__minimal.a(string.c.obj)
                0x00007f5a                strcpy
 .text.strlen   0x00007f6e        0xe zephyr/lib/libc/minimal/liblib__libc__minimal.a(string.c.obj)
                0x00007f6e                strlen
 .text.strnlen  0x00007f7c       0x12 zephyr/lib/libc/minimal/liblib__libc__minimal.a(string.c.obj)
                0x00007f7c                strnlen
 .text.strcmp   0x00007f8e       0x18 zephyr/lib/libc/minimal/liblib__libc__minimal.a(string.c.obj)
                0x00007f8e                strcmp
 .text.memcpy   0x00007fa6       0x16 zephyr/lib/libc/minimal/liblib__libc__minimal.a(string.c.obj)
                0x00007fa6                memcpy
 .text.memset   0x00007fbc       0x12 zephyr/lib/libc/minimal/liblib__libc__minimal.a(string.c.obj)
                0x00007fbc                memset
 .text.pm_power_state_set
                0x00007fce       0x26 zephyr/soc/arm/nordic_nrf/nrf52/libsoc__arm__nordic_nrf__nrf52.a(power.c.obj)
                0x00007fce                pm_power_state_set
 .text.pm_power_state_exit_post_ops
                0x00007ff4       0x16 zephyr/soc/arm/nordic_nrf/nrf52/libsoc__arm__nordic_nrf__nrf52.a(power.c.obj)
                0x00007ff4                pm_power_state_exit_post_ops
 .text.adc_context_on_timer_expired
                0x0000800a       0x2e zephyr/drivers/adc/libdrivers__adc.a(adc_nrfx_saadc.c.obj)
 .text.set_starting_state
                0x00008038       0x3c zephyr/drivers/clock_control/libdrivers__clock_control.a(clock_control_nrf.c.obj)
 .text.set_on_state
                0x00008074       0x26 zephyr/drivers/clock_control/libdrivers__clock_control.a(clock_control_nrf.c.obj)
 .text.onoff_started_callback
                0x0000809a        0xc zephyr/drivers/clock_control/libdrivers__clock_control.a(clock_control_nrf.c.obj)
 .text.lfclk_start
                0x000080a6        0x6 zephyr/drivers/clock_control/libdrivers__clock_control.a(clock_control_nrf.c.obj)
 .text.lfclk_stop
                0x000080ac        0x6 zephyr/drivers/clock_control/libdrivers__clock_control.a(clock_control_nrf.c.obj)
 .text.api_stop
                0x000080b2        0x6 zephyr/drivers/clock_control/libdrivers__clock_control.a(clock_control_nrf.c.obj)
 .text.blocking_start_callback
                0x000080b8        0x6 zephyr/drivers/clock_control/libdrivers__clock_control.a(clock_control_nrf.c.obj)
 .text.api_start
                0x000080be       0x36 zephyr/drivers/clock_control/libdrivers__clock_control.a(clock_control_nrf.c.obj)
 .text.gpio_nrfx_port_get_raw
                0x000080f4        0xe zephyr/drivers/gpio/libdrivers__gpio.a(gpio_nrfx.c.obj)
 .text.gpio_nrfx_port_set_masked_raw
                0x00008102       0x16 zephyr/drivers/gpio/libdrivers__gpio.a(gpio_nrfx.c.obj)
 .text.gpio_nrfx_port_set_bits_raw
                0x00008118        0xc zephyr/drivers/gpio/libdrivers__gpio.a(gpio_nrfx.c.obj)
 .text.gpio_nrfx_port_clear_bits_raw
                0x00008124        0xc zephyr/drivers/gpio/libdrivers__gpio.a(gpio_nrfx.c.obj)
 .text.gpio_nrfx_port_toggle_bits
                0x00008130       0x12 zephyr/drivers/gpio/libdrivers__gpio.a(gpio_nrfx.c.obj)
 .text.uarte_nrfx_isr_int
                0x00008142       0x74 zephyr/drivers/serial/libdrivers__serial.a(uart_nrfx_uarte.c.obj)
 .text.uarte_nrfx_config_get
                0x000081b6       0x10 zephyr/drivers/serial/libdrivers__serial.a(uart_nrfx_uarte.c.obj)
 .text.uarte_nrfx_err_check
                0x000081c6        0xe zephyr/drivers/serial/libdrivers__serial.a(uart_nrfx_uarte.c.obj)
 .text.is_tx_ready
                0x000081d4       0x20 zephyr/drivers/serial/libdrivers__serial.a(uart_nrfx_uarte.c.obj)
 .text.uarte_nrfx_poll_in
                0x000081f4       0x26 zephyr/drivers/serial/libdrivers__serial.a(uart_nrfx_uarte.c.obj)
 .text.uarte_0_init
                0x0000821a       0x1e zephyr/drivers/serial/libdrivers__serial.a(uart_nrfx_uarte.c.obj)
 .text.uarte_1_init
                0x00008238       0x1e zephyr/drivers/serial/libdrivers__serial.a(uart_nrfx_uarte.c.obj)
 .text.sys_clock_idle_exit
                0x00008256        0x2 zephyr/drivers/timer/libdrivers__timer.a(sys_clock_init.c.obj)
                0x00008256                sys_clock_idle_exit
 .text.k_sys_fatal_error_handler
                0x00008258        0x8 modules/nrf/lib/fatal_error/lib..__nrf__lib__fatal_error.a(fatal_error.c.obj)
                0x00008258                k_sys_fatal_error_handler
 .text.hw_cc3xx_init_internal
                0x00008260        0x4 modules/nrf/drivers/hw_cc310/lib..__nrf__drivers__hw_cc310.a(hw_cc310.c.obj)
 .text.hw_cc3xx_init
                0x00008264       0x12 modules/nrf/drivers/hw_cc310/lib..__nrf__drivers__hw_cc310.a(hw_cc310.c.obj)
 .text.nrfx_isr
                0x00008276        0x2 modules/hal_nordic/nrfx/libmodules__hal_nordic__nrfx.a(nrfx_glue.c.obj)
                0x00008276                nrfx_isr
 .text.nrfx_busy_wait
                0x00008278        0x4 modules/hal_nordic/nrfx/libmodules__hal_nordic__nrfx.a(nrfx_glue.c.obj)
                0x00008278                nrfx_busy_wait
 .text.nrf_gpio_pin_present_check
                0x0000827c       0x22 modules/hal_nordic/nrfx/libmodules__hal_nordic__nrfx.a(nrfx_gpiote.c.obj)
 .text.nrf_gpiote_in_event_get
                0x0000829e        0x8 modules/hal_nordic/nrfx/libmodules__hal_nordic__nrfx.a(nrfx_gpiote.c.obj)
 .text.nrf_gpio_reconfigure
                0x000082a6       0x96 modules/hal_nordic/nrfx/libmodules__hal_nordic__nrfx.a(nrfx_gpiote.c.obj)
 .text.nrf_gpio_cfg_sense_set
                0x0000833c       0x1e modules/hal_nordic/nrfx/libmodules__hal_nordic__nrfx.a(nrfx_gpiote.c.obj)
 .text.SEGGER_RTT_Init
                0x0000835a        0x4 modules/segger/libmodules__segger.a(SEGGER_RTT.c.obj)
                0x0000835a                SEGGER_RTT_Init
 .text.rtt_init
                0x0000835e        0xa modules/segger/libmodules__segger.a(SEGGER_RTT_zephyr.c.obj)
 .text.z_device_state_init
                0x00008368        0x2 zephyr/kernel/libkernel.a(device.c.obj)
                0x00008368                z_device_state_init
 .text.z_device_ready
                0x0000836a       0x14 zephyr/kernel/libkernel.a(device.c.obj)
                0x0000836a                z_device_ready
 .text.z_pm_save_idle_exit
                0x0000837e        0xe zephyr/kernel/libkernel.a(idle.c.obj)
                0x0000837e                z_pm_save_idle_exit
 .text.k_mem_slab_init
                0x0000838c       0x38 zephyr/kernel/libkernel.a(mem_slab.c.obj)
                0x0000838c                k_mem_slab_init
 .text.z_impl_k_mutex_init
                0x000083c4        0xe zephyr/kernel/libkernel.a(mutex.c.obj)
                0x000083c4                z_impl_k_mutex_init
 .text.z_handle_obj_poll_events
                0x000083d2       0x1c zephyr/kernel/libkernel.a(poll.c.obj)
                0x000083d2                z_handle_obj_poll_events
 .text.z_reschedule_irqlock
                0x000083ee       0x18 zephyr/kernel/libkernel.a(sched.c.obj)
                0x000083ee                z_reschedule_irqlock
 .text.z_reschedule_unlocked
                0x00008406       0x14 zephyr/kernel/libkernel.a(sched.c.obj)
 .text.z_priq_dumb_best
                0x0000841a       0x14 zephyr/kernel/libkernel.a(sched.c.obj)
                0x0000841a                z_priq_dumb_best
 .text.z_impl_k_sem_init
                0x0000842e       0x20 zephyr/kernel/libkernel.a(sem.c.obj)
                0x0000842e                z_impl_k_sem_init
 .text.k_is_in_isr
                0x0000844e        0xc zephyr/kernel/libkernel.a(thread.c.obj)
                0x0000844e                k_is_in_isr
 .text.z_impl_k_thread_name_set
                0x0000845a        0x6 zephyr/kernel/libkernel.a(thread.c.obj)
                0x0000845a                z_impl_k_thread_name_set
 .text.z_impl_k_thread_start
                0x00008460        0x4 zephyr/kernel/libkernel.a(thread.c.obj)
                0x00008460                z_impl_k_thread_start
 .text.sys_clock_tick_get_32
                0x00008464        0x8 zephyr/kernel/libkernel.a(timeout.c.obj)
                0x00008464                sys_clock_tick_get_32
 .text.z_impl_k_uptime_ticks
                0x0000846c        0x4 zephyr/kernel/libkernel.a(timeout.c.obj)
                0x0000846c                z_impl_k_uptime_ticks
 .text.z_impl_k_busy_wait
                0x00008470        0x8 zephyr/kernel/libkernel.a(timeout.c.obj)
                0x00008470                z_impl_k_busy_wait
 .text.z_impl_k_timer_stop
                0x00008478       0x3a zephyr/kernel/libkernel.a(timer.c.obj)
                0x00008478                z_impl_k_timer_stop
 .text.notify_queue_locked
                0x000084b2        0xe zephyr/kernel/libkernel.a(work.c.obj)
 .text._OffsetAbsSyms
                0x000084c0        0x2 zephyr/CMakeFiles/offsets.dir/./arch/arm/core/offsets/offsets.c.obj
                0x000084c0                _OffsetAbsSyms
 *(SORT_BY_ALIGNMENT(.TEXT.*))
 *fill*         0x000084c2        0x2 
 .TEXT.z_arm_platform_init
                0x000084c4        0x4 zephyr/libzephyr.a(soc_nrf_common.S.obj)
                0x000084c4                z_arm_platform_init
 *(SORT_BY_ALIGNMENT(.gnu.linkonce.t.*))
 *(SORT_BY_ALIGNMENT(.glue_7t))
 .glue_7t       0x000084c8        0x0 linker stubs
 *(SORT_BY_ALIGNMENT(.glue_7))
 .glue_7        0x000084c8        0x0 linker stubs
 *(SORT_BY_ALIGNMENT(.vfp11_veneer))
 .vfp11_veneer  0x000084c8        0x0 linker stubs
 *(SORT_BY_ALIGNMENT(.v4_bx))
 .v4_bx         0x000084c8        0x0 linker stubs
                0x000084c8                __text_region_end = .

.ARM.exidx      0x000084c8        0x8
                0x000084c8                __exidx_start = .
 *(SORT_BY_ALIGNMENT(.ARM.exidx*) SORT_BY_ALIGNMENT(gnu.linkonce.armexidx.*))
 .ARM.exidx     0x000084c8        0x8 c:/users/marco/ncs/v1.9.0/toolchain/opt/bin/../lib/gcc/arm-none-eabi/9.2.1/thumb/v7e-m/nofp\libgcc.a(_udivmoddi4.o)
                0x000084d0                __exidx_end = .
                0x000084d0                __rodata_region_start = .

initlevel       0x000084d0       0x70
                0x000084d0                __init_start = .
                0x000084d0                __init_PRE_KERNEL_1_start = .
 *(SORT_BY_NAME(SORT_BY_ALIGNMENT(.z_init_PRE_KERNEL_1[0-9]_*)))
 .z_init_PRE_KERNEL_10_
                0x000084d0        0x8 zephyr/soc/arm/nordic_nrf/nrf52/libsoc__arm__nordic_nrf__nrf52.a(soc.c.obj)
 *(SORT_BY_NAME(SORT_BY_ALIGNMENT(.z_init_PRE_KERNEL_1[1-9][0-9]_*)))
 .z_init_PRE_KERNEL_130_
                0x000084d8        0x8 zephyr/drivers/clock_control/libdrivers__clock_control.a(clock_control_nrf.c.obj)
 .z_init_PRE_KERNEL_130_
                0x000084e0        0x8 modules/segger/libmodules__segger.a(SEGGER_RTT_zephyr.c.obj)
 .z_init_PRE_KERNEL_130_
                0x000084e8        0x8 zephyr/kernel/libkernel.a(mem_slab.c.obj)
 .z_init_PRE_KERNEL_140_
                0x000084f0       0x10 zephyr/drivers/gpio/libdrivers__gpio.a(gpio_nrfx.c.obj)
 .z_init_PRE_KERNEL_140_
                0x00008500        0x8 modules/nrf/drivers/hw_cc310/lib..__nrf__drivers__hw_cc310.a(hw_cc310.c.obj)
 .z_init_PRE_KERNEL_155_
                0x00008508       0x10 zephyr/drivers/serial/libdrivers__serial.a(uart_nrfx_uarte.c.obj)
 .z_init_PRE_KERNEL_160_
                0x00008518        0x8 zephyr/drivers/console/libdrivers__console.a(uart_console.c.obj)
                0x00008520                __init_PRE_KERNEL_2_start = .
 *(SORT_BY_NAME(SORT_BY_ALIGNMENT(.z_init_PRE_KERNEL_2[0-9]_*)))
 .z_init_PRE_KERNEL_20_
                0x00008520        0x8 zephyr/drivers/timer/libdrivers__timer.a(nrf_rtc_timer.c.obj)
 *(SORT_BY_NAME(SORT_BY_ALIGNMENT(.z_init_PRE_KERNEL_2[1-9][0-9]_*)))
                0x00008528                __init_POST_KERNEL_start = .
 *(SORT_BY_NAME(SORT_BY_ALIGNMENT(.z_init_POST_KERNEL[0-9]_*)))
 *(SORT_BY_NAME(SORT_BY_ALIGNMENT(.z_init_POST_KERNEL[1-9][0-9]_*)))
 .z_init_POST_KERNEL40_
                0x00008528        0x8 modules/nrf/drivers/hw_cc310/lib..__nrf__drivers__hw_cc310.a(hw_cc310.c.obj)
 .z_init_POST_KERNEL40_
                0x00008530        0x8 zephyr/kernel/libkernel.a(system_work_q.c.obj)
 .z_init_POST_KERNEL50_
                0x00008538        0x8 zephyr/drivers/adc/libdrivers__adc.a(adc_nrfx_saadc.c.obj)
                0x00008540                __init_APPLICATION_start = .
 *(SORT_BY_NAME(SORT_BY_ALIGNMENT(.z_init_APPLICATION[0-9]_*)))
 *(SORT_BY_NAME(SORT_BY_ALIGNMENT(.z_init_APPLICATION[1-9][0-9]_*)))
                0x00008540                __init_SMP_start = .
 *(SORT_BY_NAME(SORT_BY_ALIGNMENT(.z_init_SMP[0-9]_*)))
 *(SORT_BY_NAME(SORT_BY_ALIGNMENT(.z_init_SMP[1-9][0-9]_*)))
                0x00008540                __init_end = .

devices         0x00008540       0x90
                0x00008540                __device_start = .
                0x00008540                __device_PRE_KERNEL_1_start = .
 *(SORT_BY_NAME(SORT_BY_ALIGNMENT(.z_device_PRE_KERNEL_1[0-9]_*)))
 *(SORT_BY_NAME(SORT_BY_ALIGNMENT(.z_device_PRE_KERNEL_1[1-9][0-9]_*)))
 .z_device_PRE_KERNEL_130_
                0x00008540       0x18 zephyr/drivers/clock_control/libdrivers__clock_control.a(clock_control_nrf.c.obj)
                0x00008540                __device_dts_ord_27
 .z_device_PRE_KERNEL_140_
                0x00008558       0x30 zephyr/drivers/gpio/libdrivers__gpio.a(gpio_nrfx.c.obj)
                0x00008558                __device_dts_ord_11
                0x00008570                __device_dts_ord_54
 .z_device_PRE_KERNEL_155_
                0x00008588       0x30 zephyr/drivers/serial/libdrivers__serial.a(uart_nrfx_uarte.c.obj)
                0x00008588                __device_dts_ord_63
                0x000085a0                __device_dts_ord_62
                0x000085b8                __device_PRE_KERNEL_2_start = .
 *(SORT_BY_NAME(SORT_BY_ALIGNMENT(.z_device_PRE_KERNEL_2[0-9]_*)))
 *(SORT_BY_NAME(SORT_BY_ALIGNMENT(.z_device_PRE_KERNEL_2[1-9][0-9]_*)))
                0x000085b8                __device_POST_KERNEL_start = .
 *(SORT_BY_NAME(SORT_BY_ALIGNMENT(.z_device_POST_KERNEL[0-9]_*)))
 *(SORT_BY_NAME(SORT_BY_ALIGNMENT(.z_device_POST_KERNEL[1-9][0-9]_*)))
 .z_device_POST_KERNEL50_
                0x000085b8       0x18 zephyr/drivers/adc/libdrivers__adc.a(adc_nrfx_saadc.c.obj)
                0x000085b8                __device_dts_ord_26
                0x000085d0                __device_APPLICATION_start = .
 *(SORT_BY_NAME(SORT_BY_ALIGNMENT(.z_device_APPLICATION[0-9]_*)))
 *(SORT_BY_NAME(SORT_BY_ALIGNMENT(.z_device_APPLICATION[1-9][0-9]_*)))
                0x000085d0                __device_SMP_start = .
 *(SORT_BY_NAME(SORT_BY_ALIGNMENT(.z_device_SMP[0-9]_*)))
 *(SORT_BY_NAME(SORT_BY_ALIGNMENT(.z_device_SMP[1-9][0-9]_*)))
                0x000085d0                __device_end = .

sw_isr_table    0x000085d0      0x180
                0x000085d0                . = ALIGN (0x0)
 *(SORT_BY_ALIGNMENT(.gnu.linkonce.sw_isr_table*))
 .gnu.linkonce.sw_isr_table
                0x000085d0      0x180 zephyr/arch/common/libisr_tables.a(isr_tables.c.obj)
                0x000085d0                _sw_isr_table

initlevel_error
                0x000084d0        0x0
 *(SORT_BY_NAME(SORT_BY_ALIGNMENT(.z_init_[_A-Z0-9]*)))
                0x00000001                ASSERT ((SIZEOF (initlevel_error) == 0x0), Undefined initialization levels used.)

app_shmem_regions
                0x00008750        0x0
                0x00008750                __app_shmem_regions_start = .
 *(SORT_BY_NAME(SORT_BY_ALIGNMENT(.app_regions.*)))
                0x00008750                __app_shmem_regions_end = .

bt_l2cap_fixed_chan_area
                0x00008750        0x0
                0x00008750                _bt_l2cap_fixed_chan_list_start = .
 *(SORT_BY_NAME(SORT_BY_ALIGNMENT(._bt_l2cap_fixed_chan.static.*)))
                0x00008750                _bt_l2cap_fixed_chan_list_end = .

bt_gatt_service_static_area
                0x00008750        0x0
                0x00008750                _bt_gatt_service_static_list_start = .
 *(SORT_BY_NAME(SORT_BY_ALIGNMENT(._bt_gatt_service_static.static.*)))
                0x00008750                _bt_gatt_service_static_list_end = .

k_p4wq_initparam_area
                0x00008750        0x0
                0x00008750                _k_p4wq_initparam_list_start = .
 *(SORT_BY_NAME(SORT_BY_ALIGNMENT(._k_p4wq_initparam.static.*)))
                0x00008750                _k_p4wq_initparam_list_end = .

log_strings_sections
                0x00008750        0x0
                0x00008750                __log_strings_start = .
 *(SORT_BY_NAME(SORT_BY_ALIGNMENT(.log_strings*)))
                0x00008750                __log_strings_end = .

log_const_sections
                0x00008750        0x0
                0x00008750                __log_const_start = .
 *(SORT_BY_NAME(SORT_BY_ALIGNMENT(.log_const_*)))
                0x00008750                __log_const_end = .

log_backends_sections
                0x00008750        0x0
                0x00008750                __log_backends_start = .
 *(SORT_BY_ALIGNMENT(._log_backend.*))
                0x00008750                __log_backends_end = .

shell_area      0x00008750        0x0
                0x00008750                _shell_list_start = .
 *(SORT_BY_NAME(SORT_BY_ALIGNMENT(._shell.static.*)))
                0x00008750                _shell_list_end = .

shell_root_cmds_sections
                0x00008750        0x0
                0x00008750                __shell_root_cmds_start = .
 *(SORT_BY_NAME(SORT_BY_ALIGNMENT(.shell_root_cmd_*)))
                0x00008750                __shell_root_cmds_end = .

font_entry_sections
                0x00008750        0x0
                0x00008750                __font_entry_start = .
 *(SORT_BY_NAME(SORT_BY_ALIGNMENT(._cfb_font.*)))
                0x00008750                __font_entry_end = .

tracing_backend_area
                0x00008750        0x0
                0x00008750                _tracing_backend_list_start = .
 *(SORT_BY_NAME(SORT_BY_ALIGNMENT(._tracing_backend.static.*)))
                0x00008750                _tracing_backend_list_end = .

zephyr_dbg_info
 *(SORT_BY_ALIGNMENT(.dbg_thread_info))

device_handles  0x00008750       0x4a
                0x00008750                __device_handles_start = .
 *(SORT_BY_NAME(SORT_BY_ALIGNMENT(.__device_handles_pass1*)))
 .__device_handles_pass1
                0x00008750        0xa zephyr/drivers/adc/libdrivers__adc.a(adc_nrfx_saadc.c.obj)
                0x00008750                __devicehdl_DT_N_S_soc_S_adc_40007000
 .__device_handles_pass1
                0x0000875a        0xa zephyr/drivers/clock_control/libdrivers__clock_control.a(clock_control_nrf.c.obj)
                0x0000875a                __devicehdl_DT_N_S_soc_S_clock_40000000
 .__device_handles_pass1
                0x00008764       0x22 zephyr/drivers/gpio/libdrivers__gpio.a(gpio_nrfx.c.obj)
                0x00008764                __devicehdl_DT_N_S_soc_S_gpio_50000300
                0x0000876e                __devicehdl_DT_N_S_soc_S_gpio_50000000
 .__device_handles_pass1
                0x00008786       0x14 zephyr/drivers/serial/libdrivers__serial.a(uart_nrfx_uarte.c.obj)
                0x00008786                __devicehdl_DT_N_S_soc_S_uart_40028000
                0x00008790                __devicehdl_DT_N_S_soc_S_uart_40002000
                0x0000879a                __device_handles_end = .

rodata          0x000087a0     0x121c
 *(SORT_BY_ALIGNMENT(.rodata))
 *(SORT_BY_ALIGNMENT(.rodata.*))
 .rodata.delay_machine_code.12410
                0x000087a0        0x6 zephyr/soc/arm/nordic_nrf/nrf52/libsoc__arm__nordic_nrf__nrf52.a(soc.c.obj)
 *fill*         0x000087a6        0x2 
 .rodata.apis   0x000087a8        0x8 zephyr/libzephyr.a(nrf_cc3xx_platform_abort_zephyr.c.obj)
 .rodata.mutex_apis
                0x000087b0       0x10 zephyr/libzephyr.a(nrf_cc3xx_platform_mutex_zephyr.c.obj)
 .rodata.mutexes
                0x000087c0       0x14 zephyr/libzephyr.a(nrf_cc3xx_platform_mutex_zephyr.c.obj)
 .rodata.static_regions
                0x000087d4        0xc zephyr/arch/arch/arm/core/aarch32/mpu/libarch__arm__core__aarch32__mpu.a(arm_core_mpu.c.obj)
 .rodata.mpu_config
                0x000087e0        0x8 zephyr/soc/arm/common/cortex_m/libsoc__arm__common__cortex_m.a(arm_mpu_regions.c.obj)
                0x000087e0                mpu_config
 .rodata.mpu_regions
                0x000087e8       0x18 zephyr/soc/arm/common/cortex_m/libsoc__arm__common__cortex_m.a(arm_mpu_regions.c.obj)
 .rodata.adc_nrfx_driver_api
                0x00008800       0x10 zephyr/drivers/adc/libdrivers__adc.a(adc_nrfx_saadc.c.obj)
 .rodata.clock_control_api
                0x00008810       0x18 zephyr/drivers/clock_control/libdrivers__clock_control.a(clock_control_nrf.c.obj)
 .rodata.config
                0x00008828       0x10 zephyr/drivers/clock_control/libdrivers__clock_control.a(clock_control_nrf.c.obj)
 .rodata.transitions.11168
                0x00008838        0xc zephyr/drivers/clock_control/libdrivers__clock_control.a(clock_control_nrf.c.obj)
 .rodata.gpio_nrfx_drv_api_funcs
                0x00008844       0x24 zephyr/drivers/gpio/libdrivers__gpio.a(gpio_nrfx.c.obj)
 .rodata.gpio_nrfx_p0_cfg
                0x00008868       0x10 zephyr/drivers/gpio/libdrivers__gpio.a(gpio_nrfx.c.obj)
 .rodata.gpio_nrfx_p1_cfg
                0x00008878       0x10 zephyr/drivers/gpio/libdrivers__gpio.a(gpio_nrfx.c.obj)
 .rodata.uart_nrfx_uarte_driver_api
                0x00008888       0x14 zephyr/drivers/serial/libdrivers__serial.a(uart_nrfx_uarte.c.obj)
 .rodata.uarte_0z_config
                0x0000889c       0x20 zephyr/drivers/serial/libdrivers__serial.a(uart_nrfx_uarte.c.obj)
 .rodata.uarte_1z_config
                0x000088bc       0x20 zephyr/drivers/serial/libdrivers__serial.a(uart_nrfx_uarte.c.obj)
 .rodata.levels.9433
                0x000088dc       0x14 zephyr/kernel/libkernel.a(device.c.obj)
 .rodata._k_neg_eagain
                0x000088f0        0x4 zephyr/kernel/libkernel.a(errno.c.obj)
                0x000088f0                _k_neg_eagain
 .rodata.CSWTCH.8
                0x000088f4       0x1c C:/Users/marco/ncs/v1.9.0/nrfxlib/crypto/nrf_cc310_platform/lib/cortex-m4/soft-float/no-interrupts/libnrf_cc310_platform_0.9.13.a(nrf_cc3xx_platform.c.obj)
 .rodata.mutex_free.str1.4
                0x00008910       0x26 C:/Users/marco/ncs/v1.9.0/nrfxlib/crypto/nrf_cc310_platform/lib/cortex-m4/soft-float/no-interrupts/libnrf_cc310_platform_0.9.13.a(nrf_cc3xx_platform_mutex.c.obj)
 *fill*         0x00008936        0x2 
 .rodata.mutex_init.str1.4
                0x00008938       0x23 C:/Users/marco/ncs/v1.9.0/nrfxlib/crypto/nrf_cc310_platform/lib/cortex-m4/soft-float/no-interrupts/libnrf_cc310_platform_0.9.13.a(nrf_cc3xx_platform_mutex.c.obj)
 *fill*         0x0000895b        0x1 
 .rodata.CC_PalPowerSaveModeInit.str1.4
                0x0000895c       0x20 C:/Users/marco/ncs/v1.9.0/nrfxlib/crypto/nrf_cc310_platform/lib/cortex-m4/soft-float/no-interrupts/libnrf_cc310_platform_0.9.13.a(cc_pal_pm.c.obj)
 .rodata.my_channel_cfg
                0x0000897c        0x8 app/libapp.a(main.c.obj)
 .rodata.Filter.str1.1
                0x00008984       0x40 app/libapp.a(main.c.obj)
 .rodata.Output.str1.1
                0x000089c4       0x3a app/libapp.a(main.c.obj)
 .rodata.Input.str1.1
                0x000089fe       0xb1 app/libapp.a(main.c.obj)
 .rodata.config.str1.1
                0x00008aaf       0x56 app/libapp.a(main.c.obj)
 .rodata.cbvprintf.str1.1
                0x00008b05        0x6 zephyr/libzephyr.a(cbprintf_complete.c.obj)
 .rodata.sys_notify_finalize.str1.1
                0x00008b0b       0x40 zephyr/libzephyr.a(notify.c.obj)
                                 0x42 (size before relaxing)
 .rodata.mutex_free_platform.str1.1
                0x00008b4b       0x26 zephyr/libzephyr.a(nrf_cc3xx_platform_mutex_zephyr.c.obj)
 .rodata.mutex_init_platform.str1.1
                0x00008b71       0x2d zephyr/libzephyr.a(nrf_cc3xx_platform_mutex_zephyr.c.obj)
 .rodata.process_event.str1.1
                0x00008b9e      0x122 zephyr/libzephyr.a(onoff.c.obj)
                                0x141 (size before relaxing)
 .rodata.pm_state_notify.str1.1
                0x00008cc0       0x9c zephyr/libzephyr.a(pm.c.obj)
 .rodata.sys_reboot.str1.1
                0x00008cc0       0x29 zephyr/libzephyr.a(reboot.c.obj)
 .rodata.z_arm_irq_priority_set.str1.1
                0x00008ce9       0x91 zephyr/arch/arch/arm/core/aarch32/libarch__arm__core__aarch32.a(irq_manage.c.obj)
                                 0xae (size before relaxing)
 .rodata.mem_manage_fault.str1.1
                0x00008d7a       0xa7 zephyr/arch/arch/arm/core/aarch32/cortex_m/libarch__arm__core__aarch32__cortex_m.a(fault.c.obj)
                                 0xc4 (size before relaxing)
 .rodata.z_arm_fault.str1.1
                0x00008e21       0xa5 zephyr/arch/arch/arm/core/aarch32/cortex_m/libarch__arm__core__aarch32__cortex_m.a(fault.c.obj)
                                 0xa7 (size before relaxing)
 .rodata.arm_core_mpu_configure_static_mpu_regions.str1.1
                0x00008ec6       0x63 zephyr/arch/arch/arm/core/aarch32/mpu/libarch__arm__core__aarch32__mpu.a(arm_mpu.c.obj)
                                 0x82 (size before relaxing)
 .rodata.arm_core_mpu_configure_dynamic_mpu_regions.str1.1
                0x00008f29       0x2d zephyr/arch/arch/arm/core/aarch32/mpu/libarch__arm__core__aarch32__mpu.a(arm_mpu.c.obj)
 .rodata.z_arm_mpu_init.str1.1
                0x00008f56       0xa5 zephyr/arch/arch/arm/core/aarch32/mpu/libarch__arm__core__aarch32__mpu.a(arm_mpu.c.obj)
 .rodata.str1.1
                0x00008ffb        0xf zephyr/soc/arm/common/cortex_m/libsoc__arm__common__cortex_m.a(arm_mpu_regions.c.obj)
 .rodata.CSWTCH.9
                0x0000900a        0x6 zephyr/soc/arm/nordic_nrf/nrf52/libsoc__arm__nordic_nrf__nrf52.a(soc.c.obj)
 .rodata.str1.1
                0x00009010        0x6 zephyr/drivers/adc/libdrivers__adc.a(adc_nrfx_saadc.c.obj)
 .rodata.get_status.str1.1
                0x00009010       0x61 zephyr/drivers/clock_control/libdrivers__clock_control.a(clock_control_nrf.c.obj)
                                 0x7e (size before relaxing)
 .rodata.clock_event_handler.str1.1
                0x00009071        0x2 zephyr/drivers/clock_control/libdrivers__clock_control.a(clock_control_nrf.c.obj)
 .rodata.z_nrf_clock_control_lf_on.str1.1
                0x00009071        0x9 zephyr/drivers/clock_control/libdrivers__clock_control.a(clock_control_nrf.c.obj)
 .rodata.str1.1
                0x0000907a        0x6 zephyr/drivers/clock_control/libdrivers__clock_control.a(clock_control_nrf.c.obj)
 .rodata.gpio_nrfx_manage_callback.str1.1
                0x00009080       0x6e zephyr/drivers/gpio/libdrivers__gpio.a(gpio_nrfx.c.obj)
                                 0x8b (size before relaxing)
 .rodata.nrfx_gpio_handler.str1.1
                0x000090ee        0xc zephyr/drivers/gpio/libdrivers__gpio.a(gpio_nrfx.c.obj)
 .rodata.gpio_nrfx_pin_interrupt_configure.str1.1
                0x000090fa       0x56 zephyr/drivers/gpio/libdrivers__gpio.a(gpio_nrfx.c.obj)
                                 0x58 (size before relaxing)
 .rodata.str1.1
                0x00009150        0xe zephyr/drivers/gpio/libdrivers__gpio.a(gpio_nrfx.c.obj)
 .rodata.nrf_gpio_pin_port_decode.str1.1
                0x0000915e       0x75 zephyr/drivers/serial/libdrivers__serial.a(uart_nrfx_uarte.c.obj)
 .rodata.str1.1
                0x0000915e        0xe zephyr/drivers/serial/libdrivers__serial.a(uart_nrfx_uarte.c.obj)
 .rodata.nrf_clock_is_running.constprop.0.str1.1
                0x0000916c       0x34 modules/hal_nordic/nrfx/libmodules__hal_nordic__nrfx.a(nrfx_clock.c.obj)
                                 0x53 (size before relaxing)
 .rodata.nrfx_clock_init.str1.1
                0x000091a0       0x4b modules/hal_nordic/nrfx/libmodules__hal_nordic__nrfx.a(nrfx_clock.c.obj)
 .rodata.nrfx_clock_enable.str1.1
                0x000091eb       0x1e modules/hal_nordic/nrfx/libmodules__hal_nordic__nrfx.a(nrfx_clock.c.obj)
 .rodata.legacy_handler.str1.1
                0x00009209       0x64 modules/hal_nordic/nrfx/libmodules__hal_nordic__nrfx.a(nrfx_gpiote.c.obj)
                                 0x81 (size before relaxing)
 .rodata.release_handler.str1.1
                0x0000926d       0x14 modules/hal_nordic/nrfx/libmodules__hal_nordic__nrfx.a(nrfx_gpiote.c.obj)
 .rodata.nrf_gpio_pin_port_decode.str1.1
                0x00009281       0x58 modules/hal_nordic/nrfx/libmodules__hal_nordic__nrfx.a(nrfx_gpiote.c.obj)
 .rodata.nrfx_gpiote_channel_get.str1.1
                0x00009281        0xa modules/hal_nordic/nrfx/libmodules__hal_nordic__nrfx.a(nrfx_gpiote.c.obj)
 .rodata.nrfx_gpiote_trigger_enable.str1.1
                0x0000928b       0x20 modules/hal_nordic/nrfx/libmodules__hal_nordic__nrfx.a(nrfx_gpiote.c.obj)
 .rodata.CSWTCH.14
                0x000092ab        0x6 modules/hal_nordic/nrfx/libmodules__hal_nordic__nrfx.a(system_nrf52840.c.obj)
 .rodata.CSWTCH.5
                0x000092b1        0x6 modules/hal_nordic/nrfx/libmodules__hal_nordic__nrfx.a(system_nrf52840.c.obj)
 .rodata._DoInit.str1.1
                0x000092b7       0x14 modules/segger/libmodules__segger.a(SEGGER_RTT.c.obj)
 .rodata.z_fatal_error.str1.1
                0x000092cb       0x74 zephyr/kernel/libkernel.a(fatal.c.obj)
                                 0x91 (size before relaxing)
 .rodata.idle.str1.1
                0x0000933f       0x49 zephyr/kernel/libkernel.a(idle.c.obj)
                                 0x66 (size before relaxing)
 .rodata.z_cstart.str1.1
                0x00009388        0x5 zephyr/kernel/libkernel.a(init.c.obj)
 .rodata.init_mem_slab_module.str1.1
                0x0000938d       0x61 zephyr/kernel/libkernel.a(mem_slab.c.obj)
                                 0x7e (size before relaxing)
 .rodata.k_mem_slab_alloc.str1.1
                0x000093ee       0x7f zephyr/kernel/libkernel.a(mem_slab.c.obj)
 .rodata.z_impl_k_mutex_lock.str1.1
                0x000093ee       0x59 zephyr/kernel/libkernel.a(mutex.c.obj)
                                 0xf5 (size before relaxing)
 .rodata.z_impl_k_mutex_unlock.str1.1
                0x00009447       0x76 zephyr/kernel/libkernel.a(mutex.c.obj)
 .rodata.clear_event_registrations.str1.1
                0x000094bd       0xfb zephyr/kernel/libkernel.a(poll.c.obj)
                                0x199 (size before relaxing)
 .rodata.signal_poll_event.str1.1
                0x000095b8       0x35 zephyr/kernel/libkernel.a(poll.c.obj)
 .rodata.k_sched_time_slice_set.str1.1
                0x000095ed       0x9c zephyr/kernel/libkernel.a(sched.c.obj)
 .rodata.k_sched_lock.str1.1
                0x000095ed       0x71 zephyr/kernel/libkernel.a(sched.c.obj)
 .rodata.z_priq_dumb_remove.str1.1
                0x000095ed       0x43 zephyr/kernel/libkernel.a(sched.c.obj)
 .rodata.unpend_thread_no_timeout.str1.1
                0x00009630       0x17 zephyr/kernel/libkernel.a(sched.c.obj)
 .rodata.update_cache.str1.1
                0x00009647       0x27 zephyr/kernel/libkernel.a(sched.c.obj)
 .rodata.k_sched_unlock.str1.1
                0x0000966e       0x31 zephyr/kernel/libkernel.a(sched.c.obj)
 .rodata.z_tick_sleep.str1.1
                0x0000969f       0x40 zephyr/kernel/libkernel.a(sched.c.obj)
 .rodata.z_thread_abort.str1.1
                0x000096df       0x22 zephyr/kernel/libkernel.a(sched.c.obj)
                                 0x24 (size before relaxing)
 .rodata.z_impl_k_sem_give.str1.1
                0x00009701       0x70 zephyr/kernel/libkernel.a(sem.c.obj)
 .rodata.z_impl_k_sem_take.str1.1
                0x00009701       0x6d zephyr/kernel/libkernel.a(sem.c.obj)
                                 0x9c (size before relaxing)
 .rodata.k_sys_work_q_init.str1.1
                0x0000976e        0x9 zephyr/kernel/libkernel.a(system_work_q.c.obj)
 .rodata.z_setup_new_thread.str1.1
                0x00009777       0xd4 zephyr/kernel/libkernel.a(thread.c.obj)
                                 0xf1 (size before relaxing)
 .rodata.z_impl_k_thread_create.str1.1
                0x0000984b       0x25 zephyr/kernel/libkernel.a(thread.c.obj)
                                 0x37 (size before relaxing)
 .rodata.z_init_static_threads.str1.1
                0x00009870       0x2d zephyr/kernel/libkernel.a(thread.c.obj)
                                 0x4c (size before relaxing)
 .rodata.z_add_timeout.str1.1
                0x0000989d       0x44 zephyr/kernel/libkernel.a(timeout.c.obj)
                                 0xe3 (size before relaxing)
 .rodata.z_timer_expiration_handler.str1.1
                0x000098e1       0x9c zephyr/kernel/libkernel.a(timer.c.obj)
 .rodata.work_queue_main.str1.1
                0x000098e1       0x38 zephyr/kernel/libkernel.a(work.c.obj)
                                 0xd4 (size before relaxing)
 .rodata.submit_to_queue_locked.str1.1
                0x00009919       0x1b zephyr/kernel/libkernel.a(work.c.obj)
 .rodata.k_work_init.str1.1
                0x00009934       0x14 zephyr/kernel/libkernel.a(work.c.obj)
 .rodata.k_work_queue_start.str1.1
                0x00009948       0x40 zephyr/kernel/libkernel.a(work.c.obj)
 .rodata.boot_banner.str1.1
                0x00009988       0x34 zephyr/kernel/libkernel.a(banner.c.obj)
                                 0x35 (size before relaxing)
 *(SORT_BY_ALIGNMENT(.gnu.linkonce.r.*))
                0x000099bc                . = ALIGN (0x4)
                0x000099bc                __rodata_region_end = .
                0x000099c0                . = ALIGN (_region_min_align)
                0x00010000                . = ALIGN ((0x1 << ((__rodata_region_end - __rom_region_start) <= 0x4)?0x2:((__rodata_region_end - __rom_region_start) <= 0x8)?0x3:((__rodata_region_end - __rom_region_start) <= 0x10)?0x4:((__rodata_region_end - __rom_region_start) <= 0x20)?0x5:((__rodata_region_end - __rom_region_start) <= 0x40)?0x6:((__rodata_region_end - __rom_region_start) <= 0x80)?0x7:((__rodata_region_end - __rom_region_start) <= 0x100)?0x8:((__rodata_region_end - __rom_region_start) <= 0x200)?0x9:((__rodata_region_end - __rom_region_start) <= 0x400)?0xa:((__rodata_region_end - __rom_region_start) <= 0x800)?0xb:((__rodata_region_end - __rom_region_start) <= 0x1000)?0xc:((__rodata_region_end - __rom_region_start) <= 0x2000)?0xd:((__rodata_region_end - __rom_region_start) <= 0x4000)?0xe:((__rodata_region_end - __rom_region_start) <= 0x8000)?0xf:((__rodata_region_end - __rom_region_start) <= 0x10000)?0x10:((__rodata_region_end - __rom_region_start) <= 0x20000)?0x11:((__rodata_region_end - __rom_region_start) <= 0x40000)?0x12:((__rodata_region_end - __rom_region_start) <= 0x80000)?0x13:((__rodata_region_end - __rom_region_start) <= 0x100000)?0x14:((__rodata_region_end - __rom_region_start) <= 0x200000)?0x15:((__rodata_region_end - __rom_region_start) <= 0x400000)?0x16:((__rodata_region_end - __rom_region_start) <= 0x800000)?0x17:((__rodata_region_end - __rom_region_start) <= 0x1000000)?0x18:((__rodata_region_end - __rom_region_start) <= 0x2000000)?0x19:((__rodata_region_end - __rom_region_start) <= 0x4000000)?0x1a:((__rodata_region_end - __rom_region_start) <= 0x8000000)?0x1b:((__rodata_region_end - __rom_region_start) <= 0x10000000)?0x1c:((__rodata_region_end - __rom_region_start) <= 0x20000000)?0x1d:((__rodata_region_end - __rom_region_start) <= 0x40000000)?0x1e:((__rodata_region_end - __rom_region_start) <= 0x80000000)?0x1f:0x20))
                0x00010000                __rom_region_end = .
                0x20000000                . = 0x20000000
                0x20000000                . = ALIGN (_region_min_align)
                0x20000000                _image_ram_start = .

.ramfunc        0x20000000        0x0 load address 0x000099bc
                0x20000000                . = ALIGN (_region_min_align)
                0x20000000                . = ALIGN ((0x1 << (__ramfunc_size <= 0x4)?0x2:(__ramfunc_size <= 0x8)?0x3:(__ramfunc_size <= 0x10)?0x4:(__ramfunc_size <= 0x20)?0x5:(__ramfunc_size <= 0x40)?0x6:(__ramfunc_size <= 0x80)?0x7:(__ramfunc_size <= 0x100)?0x8:(__ramfunc_size <= 0x200)?0x9:(__ramfunc_size <= 0x400)?0xa:(__ramfunc_size <= 0x800)?0xb:(__ramfunc_size <= 0x1000)?0xc:(__ramfunc_size <= 0x2000)?0xd:(__ramfunc_size <= 0x4000)?0xe:(__ramfunc_size <= 0x8000)?0xf:(__ramfunc_size <= 0x10000)?0x10:(__ramfunc_size <= 0x20000)?0x11:(__ramfunc_size <= 0x40000)?0x12:(__ramfunc_size <= 0x80000)?0x13:(__ramfunc_size <= 0x100000)?0x14:(__ramfunc_size <= 0x200000)?0x15:(__ramfunc_size <= 0x400000)?0x16:(__ramfunc_size <= 0x800000)?0x17:(__ramfunc_size <= 0x1000000)?0x18:(__ramfunc_size <= 0x2000000)?0x19:(__ramfunc_size <= 0x4000000)?0x1a:(__ramfunc_size <= 0x8000000)?0x1b:(__ramfunc_size <= 0x10000000)?0x1c:(__ramfunc_size <= 0x20000000)?0x1d:(__ramfunc_size <= 0x40000000)?0x1e:(__ramfunc_size <= 0x80000000)?0x1f:0x20))
                0x20000000                __ramfunc_start = .
 *(SORT_BY_ALIGNMENT(.ramfunc))
 *(SORT_BY_ALIGNMENT(.ramfunc.*))
                0x20000000                . = ALIGN (_region_min_align)
                0x20000000                . = ALIGN ((0x1 << (__ramfunc_size <= 0x4)?0x2:(__ramfunc_size <= 0x8)?0x3:(__ramfunc_size <= 0x10)?0x4:(__ramfunc_size <= 0x20)?0x5:(__ramfunc_size <= 0x40)?0x6:(__ramfunc_size <= 0x80)?0x7:(__ramfunc_size <= 0x100)?0x8:(__ramfunc_size <= 0x200)?0x9:(__ramfunc_size <= 0x400)?0xa:(__ramfunc_size <= 0x800)?0xb:(__ramfunc_size <= 0x1000)?0xc:(__ramfunc_size <= 0x2000)?0xd:(__ramfunc_size <= 0x4000)?0xe:(__ramfunc_size <= 0x8000)?0xf:(__ramfunc_size <= 0x10000)?0x10:(__ramfunc_size <= 0x20000)?0x11:(__ramfunc_size <= 0x40000)?0x12:(__ramfunc_size <= 0x80000)?0x13:(__ramfunc_size <= 0x100000)?0x14:(__ramfunc_size <= 0x200000)?0x15:(__ramfunc_size <= 0x400000)?0x16:(__ramfunc_size <= 0x800000)?0x17:(__ramfunc_size <= 0x1000000)?0x18:(__ramfunc_size <= 0x2000000)?0x19:(__ramfunc_size <= 0x4000000)?0x1a:(__ramfunc_size <= 0x8000000)?0x1b:(__ramfunc_size <= 0x10000000)?0x1c:(__ramfunc_size <= 0x20000000)?0x1d:(__ramfunc_size <= 0x40000000)?0x1e:(__ramfunc_size <= 0x80000000)?0x1f:0x20))
                0x20000000                __ramfunc_end = .
                0x00000000                __ramfunc_size = (__ramfunc_end - __ramfunc_start)
                0x000099bc                __ramfunc_load_start = LOADADDR (.ramfunc)

datas           0x20000000      0x1ec load address 0x000099bc
                0x20000000                __data_region_start = .
                0x20000000                __data_start = .
 *(SORT_BY_ALIGNMENT(.data))
 *(SORT_BY_ALIGNMENT(.data.*))
 .data.m_data   0x20000000       0xb0 zephyr/drivers/adc/libdrivers__adc.a(adc_nrfx_saadc.c.obj)
 .data.asym_mutex
                0x200000b0        0x8 zephyr/libzephyr.a(nrf_cc3xx_platform_mutex_zephyr.c.obj)
 .data.power_mutex
                0x200000b8        0x8 zephyr/libzephyr.a(nrf_cc3xx_platform_mutex_zephyr.c.obj)
 .data.rng_mutex
                0x200000c0        0x8 zephyr/libzephyr.a(nrf_cc3xx_platform_mutex_zephyr.c.obj)
 .data.sym_mutex
                0x200000c8        0x8 zephyr/libzephyr.a(nrf_cc3xx_platform_mutex_zephyr.c.obj)
 .data._char_out
                0x200000d0        0x4 zephyr/libzephyr.a(printk.c.obj)
                0x200000d0                _char_out
 .data._stdout_hook
                0x200000d4        0x4 zephyr/lib/libc/minimal/liblib__libc__minimal.a(stdout_console.c.obj)
 .data.uarte_0_data
                0x200000d8       0x14 zephyr/drivers/serial/libdrivers__serial.a(uart_nrfx_uarte.c.obj)
 .data.uarte_1_data
                0x200000ec       0x14 zephyr/drivers/serial/libdrivers__serial.a(uart_nrfx_uarte.c.obj)
 .data.m_cb     0x20000100       0x7c modules/hal_nordic/nrfx/libmodules__hal_nordic__nrfx.a(nrfx_gpiote.c.obj)
 .data.m_channels_allocated
                0x2000017c        0x4 modules/hal_nordic/nrfx/libmodules__hal_nordic__nrfx.a(nrfx_ppi.c.obj)
 .data.SystemCoreClock
                0x20000180        0x4 modules/hal_nordic/nrfx/libmodules__hal_nordic__nrfx.a(system_nrf52840.c.obj)
                0x20000180                SystemCoreClock
 .data.timeout_list
                0x20000184        0x8 zephyr/kernel/libkernel.a(timeout.c.obj)
 .data.platform_abort_apis
                0x2000018c        0x8 C:/Users/marco/ncs/v1.9.0/nrfxlib/crypto/nrf_cc310_platform/lib/cortex-m4/soft-float/no-interrupts/libnrf_cc310_platform_0.9.13.a(nrf_cc3xx_platform_abort.c.obj)
                0x2000018c                platform_abort_apis
 .data.asym_mutex
                0x20000194        0x8 C:/Users/marco/ncs/v1.9.0/nrfxlib/crypto/nrf_cc310_platform/lib/cortex-m4/soft-float/no-interrupts/libnrf_cc310_platform_0.9.13.a(nrf_cc3xx_platform_mutex.c.obj)
 .data.platform_mutex_apis
                0x2000019c       0x10 C:/Users/marco/ncs/v1.9.0/nrfxlib/crypto/nrf_cc310_platform/lib/cortex-m4/soft-float/no-interrupts/libnrf_cc310_platform_0.9.13.a(nrf_cc3xx_platform_mutex.c.obj)
                0x2000019c                platform_mutex_apis
 .data.platform_mutexes
                0x200001ac       0x14 C:/Users/marco/ncs/v1.9.0/nrfxlib/crypto/nrf_cc310_platform/lib/cortex-m4/soft-float/no-interrupts/libnrf_cc310_platform_0.9.13.a(nrf_cc3xx_platform_mutex.c.obj)
                0x200001ac                platform_mutexes
 .data.power_mutex
                0x200001c0        0x8 C:/Users/marco/ncs/v1.9.0/nrfxlib/crypto/nrf_cc310_platform/lib/cortex-m4/soft-float/no-interrupts/libnrf_cc310_platform_0.9.13.a(nrf_cc3xx_platform_mutex.c.obj)
 .data.rng_mutex
                0x200001c8        0x8 C:/Users/marco/ncs/v1.9.0/nrfxlib/crypto/nrf_cc310_platform/lib/cortex-m4/soft-float/no-interrupts/libnrf_cc310_platform_0.9.13.a(nrf_cc3xx_platform_mutex.c.obj)
 .data.sym_mutex
                0x200001d0        0x8 C:/Users/marco/ncs/v1.9.0/nrfxlib/crypto/nrf_cc310_platform/lib/cortex-m4/soft-float/no-interrupts/libnrf_cc310_platform_0.9.13.a(nrf_cc3xx_platform_mutex.c.obj)
 .data.CCAsymCryptoMutex
                0x200001d8        0x4 C:/Users/marco/ncs/v1.9.0/nrfxlib/crypto/nrf_cc310_platform/lib/cortex-m4/soft-float/no-interrupts/libnrf_cc310_platform_0.9.13.a(cc_pal.c.obj)
                0x200001d8                CCAsymCryptoMutex
 .data.CCPowerMutex
                0x200001dc        0x4 C:/Users/marco/ncs/v1.9.0/nrfxlib/crypto/nrf_cc310_platform/lib/cortex-m4/soft-float/no-interrupts/libnrf_cc310_platform_0.9.13.a(cc_pal.c.obj)
                0x200001dc                CCPowerMutex
 .data.CCRndCryptoMutex
                0x200001e0        0x4 C:/Users/marco/ncs/v1.9.0/nrfxlib/crypto/nrf_cc310_platform/lib/cortex-m4/soft-float/no-interrupts/libnrf_cc310_platform_0.9.13.a(cc_pal.c.obj)
                0x200001e0                CCRndCryptoMutex
 .data.CCSymCryptoMutex
                0x200001e4        0x4 C:/Users/marco/ncs/v1.9.0/nrfxlib/crypto/nrf_cc310_platform/lib/cortex-m4/soft-float/no-interrupts/libnrf_cc310_platform_0.9.13.a(cc_pal.c.obj)
                0x200001e4                CCSymCryptoMutex
 .data.pCCRndCryptoMutex
                0x200001e8        0x4 C:/Users/marco/ncs/v1.9.0/nrfxlib/crypto/nrf_cc310_platform/lib/cortex-m4/soft-float/no-interrupts/libnrf_cc310_platform_0.9.13.a(cc_pal.c.obj)
                0x200001e8                pCCRndCryptoMutex
 *(SORT_BY_ALIGNMENT(.kernel.*))
                0x200001ec                __data_end = .
                0x000001ec                __data_size = (__data_end - __data_start)
                0x000099bc                __data_load_start = LOADADDR (datas)
                0x000099bc                __data_region_load_start = LOADADDR (datas)

device_states   0x200001ec       0x18 load address 0x00009ba8
                0x200001ec                __device_states_start = .
 *(SORT_BY_ALIGNMENT(.z_devstate))
 .z_devstate    0x200001ec        0x4 zephyr/drivers/adc/libdrivers__adc.a(adc_nrfx_saadc.c.obj)
 .z_devstate    0x200001f0        0x4 zephyr/drivers/clock_control/libdrivers__clock_control.a(clock_control_nrf.c.obj)
 .z_devstate    0x200001f4        0x8 zephyr/drivers/gpio/libdrivers__gpio.a(gpio_nrfx.c.obj)
 .z_devstate    0x200001fc        0x8 zephyr/drivers/serial/libdrivers__serial.a(uart_nrfx_uarte.c.obj)
 *(SORT_BY_ALIGNMENT(.z_devstate.*))
                0x20000204                __device_states_end = .

initshell       0x20000204        0x0 load address 0x00009bc0
                0x20000204                __shell_module_start = .
 *(SORT_BY_ALIGNMENT(.shell_module_*))
                0x20000204                __shell_module_end = .
                0x20000204                __shell_cmd_start = .
 *(SORT_BY_ALIGNMENT(.shell_cmd_*))
                0x20000204                __shell_cmd_end = .

log_dynamic_sections
                0x20000204        0x0 load address 0x00009bc0
                0x20000204                __log_dynamic_start = .
 *(SORT_BY_NAME(SORT_BY_ALIGNMENT(.log_dynamic_*)))
                0x20000204                __log_dynamic_end = .

_static_thread_data_area
                0x20000204        0x0 load address 0x00009bc0
                0x20000204                __static_thread_data_list_start = .
 *(SORT_BY_NAME(SORT_BY_ALIGNMENT(.__static_thread_data.static.*)))
                0x20000204                __static_thread_data_list_end = .

k_timer_area    0x20000204        0x0 load address 0x00009bc0
                0x20000204                _k_timer_list_start = .
 *(SORT_BY_NAME(SORT_BY_ALIGNMENT(._k_timer.static.*)))
                0x20000204                _k_timer_list_end = .

k_mem_slab_area
                0x20000204        0x0 load address 0x00009bc0
                0x20000204                _k_mem_slab_list_start = .
 *(SORT_BY_NAME(SORT_BY_ALIGNMENT(._k_mem_slab.static.*)))
                0x20000204                _k_mem_slab_list_end = .

k_mem_pool_area
                0x20000204        0x0 load address 0x00009bc0
                0x20000204                _k_mem_pool_list_start = .
 *(SORT_BY_NAME(SORT_BY_ALIGNMENT(._k_mem_pool.static.*)))
                0x20000204                _k_mem_pool_list_end = .

k_heap_area     0x20000204        0x0 load address 0x00009bc0
                0x20000204                _k_heap_list_start = .
 *(SORT_BY_NAME(SORT_BY_ALIGNMENT(._k_heap.static.*)))
                0x20000204                _k_heap_list_end = .

k_mutex_area    0x20000204       0x50 load address 0x00009bc0
                0x20000204                _k_mutex_list_start = .
 *(SORT_BY_NAME(SORT_BY_ALIGNMENT(._k_mutex.static.*)))
 ._k_mutex.static.asym_mutex_int
                0x20000204       0x14 zephyr/libzephyr.a(nrf_cc3xx_platform_mutex_zephyr.c.obj)
                0x20000204                asym_mutex_int
 ._k_mutex.static.power_mutex_int
                0x20000218       0x14 zephyr/libzephyr.a(nrf_cc3xx_platform_mutex_zephyr.c.obj)
                0x20000218                power_mutex_int
 ._k_mutex.static.rng_mutex_int
                0x2000022c       0x14 zephyr/libzephyr.a(nrf_cc3xx_platform_mutex_zephyr.c.obj)
                0x2000022c                rng_mutex_int
 ._k_mutex.static.sym_mutex_int
                0x20000240       0x14 zephyr/libzephyr.a(nrf_cc3xx_platform_mutex_zephyr.c.obj)
                0x20000240                sym_mutex_int
                0x20000254                _k_mutex_list_end = .

k_stack_area    0x20000254        0x0 load address 0x00009c10
                0x20000254                _k_stack_list_start = .
 *(SORT_BY_NAME(SORT_BY_ALIGNMENT(._k_stack.static.*)))
                0x20000254                _k_stack_list_end = .

k_msgq_area     0x20000254        0x0 load address 0x00009c10
                0x20000254                _k_msgq_list_start = .
 *(SORT_BY_NAME(SORT_BY_ALIGNMENT(._k_msgq.static.*)))
                0x20000254                _k_msgq_list_end = .

k_mbox_area     0x20000254        0x0 load address 0x00009c10
                0x20000254                _k_mbox_list_start = .
 *(SORT_BY_NAME(SORT_BY_ALIGNMENT(._k_mbox.static.*)))
                0x20000254                _k_mbox_list_end = .

k_pipe_area     0x20000254        0x0 load address 0x00009c10
                0x20000254                _k_pipe_list_start = .
 *(SORT_BY_NAME(SORT_BY_ALIGNMENT(._k_pipe.static.*)))
                0x20000254                _k_pipe_list_end = .

k_sem_area      0x20000254        0x0 load address 0x00009c10